Archive member included because of file (symbol)

/opt/pros/toolchain/bin/../lib/gcc/arm-none-eabi/4.6.3/thumb2/libgcc.a(_arm_addsubdf3.o)
                              bin/obj/vexprintf.o (__aeabi_dsub)
/opt/pros/toolchain/bin/../lib/gcc/arm-none-eabi/4.6.3/thumb2/libgcc.a(_arm_muldivdf3.o)
                              bin/obj/vexprintf.o (__aeabi_dmul)
/opt/pros/toolchain/bin/../lib/gcc/arm-none-eabi/4.6.3/thumb2/libgcc.a(_arm_cmpdf2.o)
                              bin/obj/vexprintf.o (__aeabi_dcmplt)
/opt/pros/toolchain/bin/../lib/gcc/arm-none-eabi/4.6.3/thumb2/libgcc.a(_arm_fixdfsi.o)
                              bin/obj/smartmotor.o (__aeabi_d2iz)
/opt/pros/toolchain/bin/../lib/gcc/arm-none-eabi/4.6.3/thumb2/libgcc.a(_arm_fixunsdfsi.o)
                              bin/obj/vexprintf.o (__aeabi_d2uiz)
/opt/pros/toolchain/bin/../lib/gcc/arm-none-eabi/4.6.3/thumb2/libgcc.a(_arm_truncdfsf2.o)
                              bin/obj/smartmotor.o (__aeabi_d2f)
/opt/pros/toolchain/bin/../lib/gcc/arm-none-eabi/4.6.3/thumb2/libgcc.a(_arm_addsubsf3.o)
                              bin/obj/smartmotor.o (__aeabi_fsub)
/opt/pros/toolchain/bin/../lib/gcc/arm-none-eabi/4.6.3/thumb2/libgcc.a(_arm_muldivsf3.o)
                              bin/obj/vexaudio.o (__aeabi_fmul)
/opt/pros/toolchain/bin/../lib/gcc/arm-none-eabi/4.6.3/thumb2/libgcc.a(_arm_cmpsf2.o)
                              bin/obj/smartmotor.o (__aeabi_fcmpeq)
/opt/pros/toolchain/bin/../lib/gcc/arm-none-eabi/4.6.3/thumb2/libgcc.a(_arm_fixsfsi.o)
                              bin/obj/smartmotor.o (__aeabi_f2iz)
/opt/pros/toolchain/bin/../lib/gcc/arm-none-eabi/4.6.3/thumb2/libgcc.a(_arm_fixunssfsi.o)
                              bin/obj/smartmotor.o (__aeabi_f2uiz)
/opt/pros/toolchain/bin/../lib/gcc/arm-none-eabi/4.6.3/../../../../arm-none-eabi/lib/thumb2/libc.a(lib_a-atoi.o)
                              bin/obj/vexmotor.o (atoi)
/opt/pros/toolchain/bin/../lib/gcc/arm-none-eabi/4.6.3/../../../../arm-none-eabi/lib/thumb2/libc.a(lib_a-memset.o)
                              bin/obj/syscalls.o (memset)
/opt/pros/toolchain/bin/../lib/gcc/arm-none-eabi/4.6.3/../../../../arm-none-eabi/lib/thumb2/libc.a(lib_a-strcasecmp.o)
                              bin/obj/vexshell.o (strcasecmp)
/opt/pros/toolchain/bin/../lib/gcc/arm-none-eabi/4.6.3/../../../../arm-none-eabi/lib/thumb2/libc.a(lib_a-strchr.o)
                              bin/obj/vexshell.o (strchr)
/opt/pros/toolchain/bin/../lib/gcc/arm-none-eabi/4.6.3/../../../../arm-none-eabi/lib/thumb2/libc.a(lib_a-strncpy.o)
                              bin/obj/vexlcd.o (strncpy)
/opt/pros/toolchain/bin/../lib/gcc/arm-none-eabi/4.6.3/../../../../arm-none-eabi/lib/thumb2/libc.a(lib_a-strspn.o)
                              bin/obj/vexshell.o (strspn)
/opt/pros/toolchain/bin/../lib/gcc/arm-none-eabi/4.6.3/../../../../arm-none-eabi/lib/thumb2/libc.a(lib_a-strtol.o)
                              /opt/pros/toolchain/bin/../lib/gcc/arm-none-eabi/4.6.3/../../../../arm-none-eabi/lib/thumb2/libc.a(lib_a-atoi.o) (_strtol_r)
/opt/pros/toolchain/bin/../lib/gcc/arm-none-eabi/4.6.3/../../../../arm-none-eabi/lib/thumb2/libc.a(lib_a-ctype_.o)
                              /opt/pros/toolchain/bin/../lib/gcc/arm-none-eabi/4.6.3/../../../../arm-none-eabi/lib/thumb2/libc.a(lib_a-strcasecmp.o) (__ctype_ptr__)
/opt/pros/toolchain/bin/../lib/gcc/arm-none-eabi/4.6.3/../../../../arm-none-eabi/lib/thumb2/libc.a(lib_a-impure.o)
                              /opt/pros/toolchain/bin/../lib/gcc/arm-none-eabi/4.6.3/../../../../arm-none-eabi/lib/thumb2/libc.a(lib_a-strtol.o) (_impure_ptr)
/opt/pros/toolchain/bin/../lib/gcc/arm-none-eabi/4.6.3/thumb2/libgcc.a(_udivsi3.o)
                              /opt/pros/toolchain/bin/../lib/gcc/arm-none-eabi/4.6.3/../../../../arm-none-eabi/lib/thumb2/libc.a(lib_a-strtol.o) (__aeabi_uidiv)
/opt/pros/toolchain/bin/../lib/gcc/arm-none-eabi/4.6.3/thumb2/libgcc.a(_dvmd_tls.o)
                              /opt/pros/toolchain/bin/../lib/gcc/arm-none-eabi/4.6.3/thumb2/libgcc.a(_udivsi3.o) (__aeabi_idiv0)

Discarded input sections

 .text          0x00000000        0x0 bin/obj/crt0.o
 .data          0x00000000        0x0 bin/obj/crt0.o
 .bss           0x00000000        0x0 bin/obj/crt0.o
 .text.__early_init
                0x00000000       0x10 bin/obj/crt0.o
 .text          0x00000000        0x0 bin/obj/vectors.o
 .data          0x00000000        0x0 bin/obj/vectors.o
 .bss           0x00000000        0x0 bin/obj/vectors.o
 .text          0x00000000        0x0 bin/obj/chcore.o
 .data          0x00000000        0x0 bin/obj/chcore.o
 .bss           0x00000000        0x0 bin/obj/chcore.o
 .text          0x00000000        0x0 bin/obj/chcore_v7m.o
 .data          0x00000000        0x0 bin/obj/chcore_v7m.o
 .bss           0x00000000        0x0 bin/obj/chcore_v7m.o
 .text          0x00000000        0x0 bin/obj/nvic.o
 .data          0x00000000        0x0 bin/obj/nvic.o
 .bss           0x00000000        0x0 bin/obj/nvic.o
[...]
Memory Configuration

Name             Origin             Length             Attributes
flash            0x08000000         0x00060000
ram              0x20000000         0x00010000
*default*        0x00000000         0xffffffff

Linker script and memory map

LOAD bin/obj/crt0.o
LOAD bin/obj/vectors.o
LOAD bin/obj/chcore.o
LOAD bin/obj/chcore_v7m.o
LOAD bin/obj/nvic.o
LOAD bin/obj/chsys.o
LOAD bin/obj/chdebug.o
LOAD bin/obj/chlists.o
LOAD bin/obj/chvt.o
LOAD bin/obj/chschd.o
LOAD bin/obj/chthreads.o
LOAD bin/obj/chdynamic.o
LOAD bin/obj/chregistry.o
LOAD bin/obj/chsem.o
LOAD bin/obj/chmtx.o
LOAD bin/obj/chcond.o
LOAD bin/obj/chevents.o
LOAD bin/obj/chmsg.o
LOAD bin/obj/chmboxes.o
LOAD bin/obj/chqueues.o
LOAD bin/obj/chmemcore.o
LOAD bin/obj/chheap.o
LOAD bin/obj/chmempools.o
LOAD bin/obj/hal.o
LOAD bin/obj/adc.o
LOAD bin/obj/can.o
LOAD bin/obj/ext.o
LOAD bin/obj/gpt.o
LOAD bin/obj/i2c.o
LOAD bin/obj/icu.o
LOAD bin/obj/mac.o
LOAD bin/obj/mmc_spi.o
LOAD bin/obj/mmcsd.o
LOAD bin/obj/pal.o
LOAD bin/obj/pwm.o
LOAD bin/obj/rtc.o
LOAD bin/obj/sdc.o
LOAD bin/obj/serial.o
LOAD bin/obj/serial_usb.o
LOAD bin/obj/spi.o
LOAD bin/obj/tm.o
LOAD bin/obj/uart.o
LOAD bin/obj/usb.o
LOAD bin/obj/stm32_dma.o
LOAD bin/obj/hal_lld.o
LOAD bin/obj/adc_lld.o
LOAD bin/obj/ext_lld_isr.o
LOAD bin/obj/can_lld.o
LOAD bin/obj/ext_lld.o
LOAD bin/obj/mac_lld.o
LOAD bin/obj/sdc_lld.o
LOAD bin/obj/pal_lld.o
LOAD bin/obj/i2c_lld.o
LOAD bin/obj/rtc_lld.o
LOAD bin/obj/spi_lld.o
LOAD bin/obj/gpt_lld.o
LOAD bin/obj/icu_lld.o
LOAD bin/obj/pwm_lld.o
LOAD bin/obj/serial_lld.o
LOAD bin/obj/uart_lld.o
LOAD bin/obj/usb_lld.o
LOAD bin/obj/board.o
LOAD bin/obj/evtimer.o
LOAD bin/obj/syscalls.o
LOAD bin/obj/chprintf.o
LOAD bin/obj/vexshell.o
LOAD bin/obj/vexcortex.o
LOAD bin/obj/vexdigital.o
LOAD bin/obj/vexconfig.o
LOAD bin/obj/vexext.o
LOAD bin/obj/vexencoder.o
LOAD bin/obj/vexsonar.o
LOAD bin/obj/vexmotor.o
LOAD bin/obj/vexspi.o
LOAD bin/obj/vexlcd.o
LOAD bin/obj/vexanalog.o
LOAD bin/obj/vexctl.o
LOAD bin/obj/vexime.o
LOAD bin/obj/vexprintf.o
LOAD bin/obj/vexaudio.o
LOAD bin/obj/vexrttl.o
LOAD bin/obj/vexsensor.o
LOAD bin/obj/vexbkup.o
LOAD bin/obj/vextest.o
LOAD bin/obj/robotc_glue.o
LOAD bin/obj/smartmotor.o
LOAD bin/obj/apollo.o
LOAD bin/obj/pidlib.o
LOAD bin/obj/vexgyro.o
LOAD bin/obj/vexflash.o
LOAD bin/obj/stm32_flash.o
LOAD bin/obj/vexuser.o
LOAD bin/obj/main.o
LOAD /opt/pros/toolchain/bin/../lib/gcc/arm-none-eabi/4.6.3/../../../../arm-none-eabi/lib/thumb2/libm.a
START GROUP
LOAD /opt/pros/toolchain/bin/../lib/gcc/arm-none-eabi/4.6.3/thumb2/libgcc.a
LOAD /opt/pros/toolchain/bin/../lib/gcc/arm-none-eabi/4.6.3/../../../../arm-none-eabi/lib/thumb2/libc.a
END GROUP
                0x00000400                __main_stack_size__ = 0x400
                0x00000400                __process_stack_size__ = 0x400
                0x20000000                __ram_start__ = ORIGIN (ram)
                0x00010000                __ram_size__ = 0x10000
                0x20010000                __ram_end__ = (__ram_start__ + __ram_size__)
                0x00000000                . = 0x0
                0x00000000                _text = .

startup         0x08000000      0x130
 *(vectors)
 vectors        0x08000000      0x130 bin/obj/vectors.o
                0x08000000                _vectors

constructors    0x08000130        0x0
                0x08000130                PROVIDE (__init_array_start, .)
 *(SORT(.init_array.*))
 *(.init_array)
                0x08000130                PROVIDE (__init_array_end, .)

destructors     0x08000130        0x0
                0x08000130                PROVIDE (__fini_array_start, .)
 *(.fini_array)
 *(SORT(.fini_array.*))
                0x08000130                PROVIDE (__fini_array_end, .)

.text           0x08000130     0xc834
 *(.text.startup.*)
 .text.startup.main
                0x08000130       0x90 bin/obj/main.o
                0x08000130                main
 *(.text)
 .text          0x080001c0      0x370 /opt/pros/toolchain/bin/../lib/gcc/arm-none-eabi/4.6.3/thumb2/libgcc.a(_arm_addsubdf3.o)
                0x080001c0                __aeabi_drsub
                0x080001c8                __aeabi_dsub
                0x080001c8                __subdf3
                0x080001cc                __adddf3
                0x080001cc                __aeabi_dadd
                0x08000444                __aeabi_ui2d
                0x08000444                __floatunsidf
                0x08000464                __floatsidf
                0x08000464                __aeabi_i2d
                0x08000488                __extendsfdf2
                0x08000488                __aeabi_f2d
                0x080004c4                __aeabi_ul2d
                0x080004c4                __floatundidf
                0x080004d4                __floatdidf
                0x080004d4                __aeabi_l2d
 .text          0x08000530      0x424 /opt/pros/toolchain/bin/../lib/gcc/arm-none-eabi/4.6.3/thumb2/libgcc.a(_arm_muldivdf3.o)
                0x08000530                __aeabi_dmul
                0x08000530                __muldf3
                0x08000784                __aeabi_ddiv
                0x08000784                __divdf3
 *fill*         0x08000954        0xc 00
 .text          0x08000960      0x110 /opt/pros/toolchain/bin/../lib/gcc/arm-none-eabi/4.6.3/thumb2/libgcc.a(_arm_cmpdf2.o)
                0x08000960                __gtdf2
                0x08000960                __gedf2
                0x08000968                __ltdf2
                0x08000968                __ledf2
                0x08000970                __cmpdf2
                0x08000970                __eqdf2
                0x08000970                __nedf2
                0x080009ec                __aeabi_cdrcmple
                0x080009fc                __aeabi_cdcmple
                0x080009fc                __aeabi_cdcmpeq
                0x08000a0c                __aeabi_dcmpeq
                0x08000a20                __aeabi_dcmplt
                0x08000a34                __aeabi_dcmple
                0x08000a48                __aeabi_dcmpge
                0x08000a5c                __aeabi_dcmpgt
 .text          0x08000a70       0x50 /opt/pros/toolchain/bin/../lib/gcc/arm-none-eabi/4.6.3/thumb2/libgcc.a(_arm_fixdfsi.o)
                0x08000a70                __fixdfsi
                0x08000a70                __aeabi_d2iz
 .text          0x08000ac0       0x40 /opt/pros/toolchain/bin/../lib/gcc/arm-none-eabi/4.6.3/thumb2/libgcc.a(_arm_fixunsdfsi.o)
                0x08000ac0                __fixunsdfsi
                0x08000ac0                __aeabi_d2uiz
 .text          0x08000b00       0xa0 /opt/pros/toolchain/bin/../lib/gcc/arm-none-eabi/4.6.3/thumb2/libgcc.a(_arm_truncdfsf2.o)
                0x08000b00                __aeabi_d2f
                0x08000b00                __truncdfsf2
 .text          0x08000ba0      0x21c /opt/pros/toolchain/bin/../lib/gcc/arm-none-eabi/4.6.3/thumb2/libgcc.a(_arm_addsubsf3.o)
                0x08000ba0                __aeabi_frsub
                0x08000ba8                __subsf3
                0x08000ba8                __aeabi_fsub
                0x08000bac                __aeabi_fadd
                0x08000bac                __addsf3
                0x08000d0c                __aeabi_ui2f
                0x08000d0c                __floatunsisf
                0x08000d14                __aeabi_i2f
                0x08000d14                __floatsisf
                0x08000d30                __floatundisf
                0x08000d30                __aeabi_ul2f
                0x08000d40                __floatdisf
                0x08000d40                __aeabi_l2f
 *fill*         0x08000dbc        0x4 00
 .text          0x08000dc0      0x2a0 /opt/pros/toolchain/bin/../lib/gcc/arm-none-eabi/4.6.3/thumb2/libgcc.a(_arm_muldivsf3.o)
                0x08000dc0                __mulsf3
                0x08000dc0                __aeabi_fmul
                0x08000f28                __divsf3
                0x08000f28                __aeabi_fdiv
 .text          0x08001060       0xec /opt/pros/toolchain/bin/../lib/gcc/arm-none-eabi/4.6.3/thumb2/libgcc.a(_arm_cmpsf2.o)
                0x08001060                __gtsf2
                0x08001060                __gesf2
                0x08001068                __lesf2
                0x08001068                __ltsf2
                0x08001070                __nesf2
                0x08001070                __eqsf2
                0x08001070                __cmpsf2
                0x080010d0                __aeabi_cfrcmple
                0x080010d8                __aeabi_cfcmple
                0x080010d8                __aeabi_cfcmpeq
                0x080010e8                __aeabi_fcmpeq
                0x080010fc                __aeabi_fcmplt
                0x08001110                __aeabi_fcmple
                0x08001124                __aeabi_fcmpge
                0x08001138                __aeabi_fcmpgt
 *fill*         0x0800114c        0x4 00
 .text          0x08001150       0x4c /opt/pros/toolchain/bin/../lib/gcc/arm-none-eabi/4.6.3/thumb2/libgcc.a(_arm_fixsfsi.o)
                0x08001150                __fixsfsi
                0x08001150                __aeabi_f2iz
 *fill*         0x0800119c        0x4 00
 .text          0x080011a0       0x10 /opt/pros/toolchain/bin/../lib/gcc/arm-none-eabi/4.6.3/../../../../arm-none-eabi/lib/thumb2/libc.a(lib_a-atoi.o)
                0x080011a0                atoi
                0x080011a8                _atoi_r
 .text          0x080011b0       0x8c /opt/pros/toolchain/bin/../lib/gcc/arm-none-eabi/4.6.3/../../../../arm-none-eabi/lib/thumb2/libc.a(lib_a-memset.o)
                0x080011b0                memset
 *fill*         0x0800123c        0x4 00
 .text          0x08001240       0x48 /opt/pros/toolchain/bin/../lib/gcc/arm-none-eabi/4.6.3/../../../../arm-none-eabi/lib/thumb2/libc.a(lib_a-strcasecmp.o)
                0x08001240                strcasecmp
 *fill*         0x08001288        0x8 00
 .text          0x08001290       0xf0 /opt/pros/toolchain/bin/../lib/gcc/arm-none-eabi/4.6.3/../../../../arm-none-eabi/lib/thumb2/libc.a(lib_a-strchr.o)
                0x08001290                strchr
 .text          0x08001380       0x74 /opt/pros/toolchain/bin/../lib/gcc/arm-none-eabi/4.6.3/../../../../arm-none-eabi/lib/thumb2/libc.a(lib_a-strncpy.o)
                0x08001380                strncpy
 *fill*         0x080013f4        0xc 00
 .text          0x08001400       0x40 /opt/pros/toolchain/bin/../lib/gcc/arm-none-eabi/4.6.3/../../../../arm-none-eabi/lib/thumb2/libc.a(lib_a-strspn.o)
                0x08001400                strspn
 .text          0x08001440      0x17c /opt/pros/toolchain/bin/../lib/gcc/arm-none-eabi/4.6.3/../../../../arm-none-eabi/lib/thumb2/libc.a(lib_a-strtol.o)
                0x08001440                _strtol_r
                0x080015a0                strtol
 *fill*         0x080015bc        0x4 00
 .text          0x080015c0      0x278 /opt/pros/toolchain/bin/../lib/gcc/arm-none-eabi/4.6.3/thumb2/libgcc.a(_udivsi3.o)
                0x080015c0                __udivsi3
                0x080015c0                __aeabi_uidiv
                0x0800181c                __aeabi_uidivmod
 *fill*         0x08001838        0x8 00
 .text          0x08001840        0x4 /opt/pros/toolchain/bin/../lib/gcc/arm-none-eabi/4.6.3/thumb2/libgcc.a(_dvmd_tls.o)
                0x08001840                __aeabi_ldiv0
                0x08001840                __aeabi_idiv0
 *(.text.*)
 *fill*         0x08001844        0xc 00
 .text.__late_init
                0x08001850       0x10 bin/obj/crt0.o
                0x08001850                __late_init
 .text._default_exit
                0x08001860       0x10 bin/obj/crt0.o
                0x08001860                _default_exit
 .text.ResetHandler
                0x08001870      0x1e0 bin/obj/crt0.o
                0x08001870                ResetHandler
 .text._unhandled_exception
                0x08001a50       0x10 bin/obj/vectors.o
                0x08001a50                VectorAC
                0x08001a50                NMIVector
                0x08001a50                Vector11C
                0x08001a50                Vector8C
                0x08001a50                Vector110
                0x08001a50                VectorC8
                0x08001a50                Vector94
                0x08001a50                VectorA8
                0x08001a50                VectorB4
                0x08001a50                VectorEC
                0x08001a50                UsageFaultVector
                0x08001a50                DebugMonitorVector
                0x08001a50                Vector40
                0x08001a50                VectorF8
                0x08001a50                PendSVVector
                0x08001a50                Vector118
                0x08001a50                VectorCC
                0x08001a50                Vector54
                0x08001a50                Vector98
                0x08001a50                Vector24
                0x08001a50                BusFaultVector
                0x08001a50                VectorD0
                0x08001a50                HardFaultVector
                0x08001a50                VectorF0
                0x08001a50                Vector100
                0x08001a50                VectorF4
                0x08001a50                MemManageVector
                0x08001a50                VectorA0
                0x08001a50                VectorC4
                0x08001a50                Vector90
                0x08001a50                Vector114
                0x08001a50                Vector1C
                0x08001a50                Vector48
                0x08001a50                Vector4C
                0x08001a50                _unhandled_exception
                0x08001a50                Vector88
                0x08001a50                Vector104
                0x08001a50                Vector10C
                0x08001a50                Vector50
                0x08001a50                Vector28
                0x08001a50                VectorFC
                0x08001a50                Vector34
                0x08001a50                Vector20
 .text.port_halt
                0x08001a60       0x10 bin/obj/chcore.o
                0x08001a60                port_halt
 .text._port_switch_from_isr
                0x08001a70       0x10 bin/obj/chcore_v7m.o
                0x08001a70                _port_switch_from_isr
 .text.SVCallVector
                0x08001a80       0x20 bin/obj/chcore_v7m.o
                0x08001a80                SVCallVector
 .text._port_init
                0x08001aa0       0x40 bin/obj/chcore_v7m.o
                0x08001aa0                _port_init
 .text._port_irq_epilogue
                0x08001ae0       0x80 bin/obj/chcore_v7m.o
                0x08001ae0                _port_irq_epilogue
 .text.SysTickVector
                0x08001b60       0x20 bin/obj/chcore_v7m.o
                0x08001b60                SysTickVector
 .text._port_switch
                0x08001b80       0x10 bin/obj/chcore_v7m.o
                0x08001b80                _port_switch
 .text._port_thread_start
                0x08001b90       0x10 bin/obj/chcore_v7m.o
                0x08001b90                _port_thread_start
 .text.nvicEnableVector
                0x08001ba0       0x50 bin/obj/nvic.o
                0x08001ba0                nvicEnableVector
 .text.nvicDisableVector
                0x08001bf0       0x40 bin/obj/nvic.o
                0x08001bf0                nvicDisableVector
 .text.nvicSetSystemHandlerPriority
                0x08001c30       0x40 bin/obj/nvic.o
                0x08001c30                nvicSetSystemHandlerPriority
 .text._idle_thread
                0x08001c70       0x20 bin/obj/chsys.o
                0x08001c70                _idle_thread
 .text.chSysInit
                0x08001c90       0x70 bin/obj/chsys.o
                0x08001c90                chSysInit
 .text.chSysTimerHandlerI
                0x08001d00       0x60 bin/obj/chsys.o
                0x08001d00                chSysTimerHandlerI
 .text._vt_init
                0x08001d60       0x20 bin/obj/chvt.o
                0x08001d60                _vt_init
 .text.chVTSetI
                0x08001d80       0x40 bin/obj/chvt.o
                0x08001d80                chVTSetI
 .text.chVTResetI
                0x08001dc0       0x30 bin/obj/chvt.o
                0x08001dc0                chVTResetI
 .text.wakeup   0x08001df0       0x60 bin/obj/chschd.o
 .text._scheduler_init
                0x08001e50       0x20 bin/obj/chschd.o
                0x08001e50                _scheduler_init
 .text.chSchReadyI
                0x08001e70       0x30 bin/obj/chschd.o
                0x08001e70                chSchReadyI
 .text.chSchGoSleepS
                0x08001ea0       0x30 bin/obj/chschd.o
                0x08001ea0                chSchGoSleepS
 .text.chSchGoSleepTimeoutS
                0x08001ed0       0x50 bin/obj/chschd.o
                0x08001ed0                chSchGoSleepTimeoutS
 .text.chSchWakeupS
                0x08001f20       0x60 bin/obj/chschd.o
                0x08001f20                chSchWakeupS
 .text.chSchDoRescheduleBehind
                0x08001f80       0x40 bin/obj/chschd.o
                0x08001f80                chSchDoRescheduleBehind
 .text.chSchDoRescheduleAhead
                0x08001fc0       0x40 bin/obj/chschd.o
                0x08001fc0                chSchDoRescheduleAhead
 .text.chSchDoReschedule
                0x08002000       0x20 bin/obj/chschd.o
                0x08002000                chSchDoReschedule
 .text._thread_init
                0x08002020       0x50 bin/obj/chthreads.o
                0x08002020                _thread_init
 .text.chThdCreateI
                0x08002070       0x70 bin/obj/chthreads.o
                0x08002070                chThdCreateI
 .text.chThdCreateStatic
                0x080020e0       0x30 bin/obj/chthreads.o
                0x080020e0                chThdCreateStatic
 .text.chThdSleep
                0x08002110       0x20 bin/obj/chthreads.o
                0x08002110                chThdSleep
 .text.chThdSleepUntil
                0x08002130       0x30 bin/obj/chthreads.o
                0x08002130                chThdSleepUntil
 .text.chThdExitS
                0x08002160       0x50 bin/obj/chthreads.o
                0x08002160                chThdExitS
 .text.chThdExit
                0x080021b0       0x10 bin/obj/chthreads.o
                0x080021b0                chThdExit
 .text.chThdWait
                0x080021c0       0x40 bin/obj/chthreads.o
                0x080021c0                chThdWait
 .text.chThdRelease
                0x08002200       0x50 bin/obj/chdynamic.o
                0x08002200                chThdRelease
 .text.chThdCreateFromHeap
                0x08002250       0x40 bin/obj/chdynamic.o
                0x08002250                chThdCreateFromHeap
 .text.chRegFirstThread
                0x08002290       0x20 bin/obj/chregistry.o
                0x08002290                chRegFirstThread
 .text.chRegNextThread
                0x080022b0       0x30 bin/obj/chregistry.o
                0x080022b0                chRegNextThread
 .text.chMtxInit
                0x080022e0       0x10 bin/obj/chmtx.o
                0x080022e0                chMtxInit
 .text.chMtxLockS
                0x080022f0       0xd0 bin/obj/chmtx.o
                0x080022f0                chMtxLockS
 .text.chMtxLock
                0x080023c0       0x20 bin/obj/chmtx.o
                0x080023c0                chMtxLock
 .text.chMtxUnlock
                0x080023e0       0x70 bin/obj/chmtx.o
                0x080023e0                chMtxUnlock
 .text.chEvtRegisterMask
                0x08002450       0x30 bin/obj/chevents.o
                0x08002450                chEvtRegisterMask
 .text.chEvtUnregister
                0x08002480       0x30 bin/obj/chevents.o
                0x08002480                chEvtUnregister
 .text.chEvtSignalI
                0x080024b0       0x30 bin/obj/chevents.o
                0x080024b0                chEvtSignalI
 .text.chEvtBroadcastFlagsI
                0x080024e0       0x30 bin/obj/chevents.o
                0x080024e0                chEvtBroadcastFlagsI
 .text.chEvtWaitAnyTimeout
                0x08002510       0x50 bin/obj/chevents.o
                0x08002510                chEvtWaitAnyTimeout
 .text.qwait    0x08002560       0x30 bin/obj/chqueues.o
 .text.chIQInit
                0x08002590       0x20 bin/obj/chqueues.o
                0x08002590                chIQInit
 .text.chIQResetI
                0x080025b0       0x30 bin/obj/chqueues.o
                0x080025b0                chIQResetI
 .text.chIQPutI
                0x080025e0       0x50 bin/obj/chqueues.o
                0x080025e0                chIQPutI
 .text.chIQGetTimeout
                0x08002630       0x50 bin/obj/chqueues.o
                0x08002630                chIQGetTimeout
 .text.chIQReadTimeout
                0x08002680       0x80 bin/obj/chqueues.o
                0x08002680                chIQReadTimeout
 .text.chOQInit
                0x08002700       0x20 bin/obj/chqueues.o
                0x08002700                chOQInit
 .text.chOQPutTimeout
                0x08002720       0x50 bin/obj/chqueues.o
                0x08002720                chOQPutTimeout
 .text.chOQGetI
                0x08002770       0x50 bin/obj/chqueues.o
                0x08002770                chOQGetI
 .text.chOQWriteTimeout
                0x080027c0       0x90 bin/obj/chqueues.o
                0x080027c0                chOQWriteTimeout
 .text._core_init
                0x08002850       0x30 bin/obj/chmemcore.o
                0x08002850                _core_init
 .text.chCoreAlloc
                0x08002880       0x40 bin/obj/chmemcore.o
                0x08002880                chCoreAlloc
 .text.chCoreStatus
                0x080028c0       0x20 bin/obj/chmemcore.o
                0x080028c0                chCoreStatus
 .text._heap_init
                0x080028e0       0x20 bin/obj/chheap.o
                0x080028e0                _heap_init
 .text.chHeapAlloc
                0x08002900       0x90 bin/obj/chheap.o
                0x08002900                chHeapAlloc
 .text.chHeapFree
                0x08002990       0xb0 bin/obj/chheap.o
                0x08002990                chHeapFree
 .text.chHeapStatus
                0x08002a40       0x40 bin/obj/chheap.o
                0x08002a40                chHeapStatus
 .text.chPoolFree
                0x08002a80       0x20 bin/obj/chmempools.o
                0x08002a80                chPoolFree
 .text.halInit  0x08002aa0       0x40 bin/obj/hal.o
                0x08002aa0                halInit
 .text.adcInit  0x08002ae0       0x10 bin/obj/adc.o
                0x08002ae0                adcInit
 .text.adcObjectInit
                0x08002af0       0x20 bin/obj/adc.o
                0x08002af0                adcObjectInit
 .text.adcStart
                0x08002b10       0x20 bin/obj/adc.o
                0x08002b10                adcStart
 .text.adcStartConversion
                0x08002b30       0x20 bin/obj/adc.o
                0x08002b30                adcStartConversion
 .text.extInit  0x08002b50       0x10 bin/obj/ext.o
                0x08002b50                extInit
 .text.extObjectInit
                0x08002b60       0x10 bin/obj/ext.o
                0x08002b60                extObjectInit
 .text.extStart
                0x08002b70       0x20 bin/obj/ext.o
                0x08002b70                extStart
 .text.extChannelEnable
                0x08002b90       0x20 bin/obj/ext.o
                0x08002b90                extChannelEnable
 .text.gptInit  0x08002bb0       0x10 bin/obj/gpt.o
                0x08002bb0                gptInit
 .text.gptObjectInit
                0x08002bc0       0x10 bin/obj/gpt.o
                0x08002bc0                gptObjectInit
 .text.gptStart
                0x08002bd0       0x20 bin/obj/gpt.o
                0x08002bd0                gptStart
 .text.gptStartOneShot
                0x08002bf0       0x20 bin/obj/gpt.o
                0x08002bf0                gptStartOneShot
 .text.gptStartOneShotI
                0x08002c10       0x10 bin/obj/gpt.o
                0x08002c10                gptStartOneShotI
 .text.i2cInit  0x08002c20       0x10 bin/obj/i2c.o
                0x08002c20                i2cInit
 .text.i2cObjectInit
                0x08002c30       0x10 bin/obj/i2c.o
                0x08002c30                i2cObjectInit
 .text.i2cStart
                0x08002c40       0x20 bin/obj/i2c.o
                0x08002c40                i2cStart
 .text.i2cStop  0x08002c60       0x20 bin/obj/i2c.o
                0x08002c60                i2cStop
 .text.i2cGetErrors
                0x08002c80       0x10 bin/obj/i2c.o
                0x08002c80                i2cGetErrors
 .text.i2cMasterTransmitTimeout
                0x08002c90       0x40 bin/obj/i2c.o
                0x08002c90                i2cMasterTransmitTimeout
 .text.i2cAcquireBus
                0x08002cd0       0x10 bin/obj/i2c.o
                0x08002cd0                i2cAcquireBus
 .text.i2cReleaseBus
                0x08002ce0       0x10 bin/obj/i2c.o
                0x08002ce0                i2cReleaseBus
 .text.readt    0x08002cf0       0x10 bin/obj/serial.o
 .text.read     0x08002d00       0x10 bin/obj/serial.o
 .text.writet   0x08002d10       0x10 bin/obj/serial.o
 .text.write    0x08002d20       0x10 bin/obj/serial.o
 .text.gett     0x08002d30       0x10 bin/obj/serial.o
 .text.get      0x08002d40       0x10 bin/obj/serial.o
 .text.putt     0x08002d50       0x10 bin/obj/serial.o
 .text.put      0x08002d60       0x10 bin/obj/serial.o
 .text.sdInit   0x08002d70       0x10 bin/obj/serial.o
                0x08002d70                sdInit
 .text.sdObjectInit
                0x08002d80       0x50 bin/obj/serial.o
                0x08002d80                sdObjectInit
 .text.sdStart  0x08002dd0       0x20 bin/obj/serial.o
                0x08002dd0                sdStart
 .text.sdIncomingDataI
                0x08002df0       0x40 bin/obj/serial.o
                0x08002df0                sdIncomingDataI
 .text.spiInit  0x08002e30       0x10 bin/obj/spi.o
                0x08002e30                spiInit
 .text.spiObjectInit
                0x08002e40       0x10 bin/obj/spi.o
                0x08002e40                spiObjectInit
 .text.spiStart
                0x08002e50       0x20 bin/obj/spi.o
                0x08002e50                spiStart
 .text.tm_start
                0x08002e70       0x10 bin/obj/tm.o
 .text.tm_stop  0x08002e80       0x40 bin/obj/tm.o
 .text.tmInit   0x08002ec0       0x50 bin/obj/tm.o
                0x08002ec0                tmInit
 .text.Vector6C
                0x08002f10       0x30 bin/obj/stm32_dma.o
                0x08002f10                Vector6C
 .text.Vector70
                0x08002f40       0x30 bin/obj/stm32_dma.o
                0x08002f40                Vector70
 .text.Vector74
                0x08002f70       0x30 bin/obj/stm32_dma.o
                0x08002f70                Vector74
 .text.Vector78
                0x08002fa0       0x30 bin/obj/stm32_dma.o
                0x08002fa0                Vector78
 .text.Vector7C
                0x08002fd0       0x30 bin/obj/stm32_dma.o
                0x08002fd0                Vector7C
 .text.Vector80
                0x08003000       0x30 bin/obj/stm32_dma.o
                0x08003000                Vector80
 .text.Vector84
                0x08003030       0x30 bin/obj/stm32_dma.o
                0x08003030                Vector84
 .text.Vector120
                0x08003060       0x30 bin/obj/stm32_dma.o
                0x08003060                Vector120
 .text.Vector124
                0x08003090       0x30 bin/obj/stm32_dma.o
                0x08003090                Vector124
 .text.Vector128
                0x080030c0       0x30 bin/obj/stm32_dma.o
                0x080030c0                Vector128
 .text.Vector12C
                0x080030f0       0x60 bin/obj/stm32_dma.o
                0x080030f0                Vector12C
 .text.dmaInit  0x08003150       0xe0 bin/obj/stm32_dma.o
                0x08003150                dmaInit
 .text.dmaStreamAllocate
                0x08003230       0xa0 bin/obj/stm32_dma.o
                0x08003230                dmaStreamAllocate
 .text.dmaStreamRelease
                0x080032d0       0x60 bin/obj/stm32_dma.o
                0x080032d0                dmaStreamRelease
 .text.hal_lld_init
                0x08003330       0x90 bin/obj/hal_lld.o
                0x08003330                hal_lld_init
 .text.stm32_clock_init
                0x080033c0       0xb0 bin/obj/hal_lld.o
                0x080033c0                stm32_clock_init
 .text.adc_lld_serve_rx_interrupt
                0x08003470      0x110 bin/obj/adc_lld.o
 .text.adc_lld_init
                0x08003580       0x90 bin/obj/adc_lld.o
                0x08003580                adc_lld_init
 .text.adc_lld_start
                0x08003610       0x60 bin/obj/adc_lld.o
                0x08003610                adc_lld_start
 .text.adc_lld_start_conversion
                0x08003670       0x80 bin/obj/adc_lld.o
                0x08003670                adc_lld_start_conversion
 .text.Vector58
                0x080036f0       0x30 bin/obj/ext_lld_isr.o
                0x080036f0                Vector58
 .text.Vector5C
                0x08003720       0x30 bin/obj/ext_lld_isr.o
                0x08003720                Vector5C
 .text.Vector60
                0x08003750       0x30 bin/obj/ext_lld_isr.o
                0x08003750                Vector60
 .text.Vector64
                0x08003780       0x30 bin/obj/ext_lld_isr.o
                0x08003780                Vector64
 .text.Vector68
                0x080037b0       0x30 bin/obj/ext_lld_isr.o
                0x080037b0                Vector68
 .text.Vector9C
                0x080037e0       0x90 bin/obj/ext_lld_isr.o
                0x080037e0                Vector9C
 .text.VectorE0
                0x08003870       0xa0 bin/obj/ext_lld_isr.o
                0x08003870                VectorE0
 .text.Vector44
                0x08003910       0x30 bin/obj/ext_lld_isr.o
                0x08003910                Vector44
 .text.VectorE4
                0x08003940       0x30 bin/obj/ext_lld_isr.o
                0x08003940                VectorE4
 .text.VectorE8
                0x08003970       0x30 bin/obj/ext_lld_isr.o
                0x08003970                VectorE8
 .text.ext_lld_exti_irq_enable
                0x080039a0       0x60 bin/obj/ext_lld_isr.o
                0x080039a0                ext_lld_exti_irq_enable
 .text.ext_lld_init
                0x08003a00       0x10 bin/obj/ext_lld.o
                0x08003a00                ext_lld_init
 .text.ext_lld_channel_enable
                0x08003a10       0xc0 bin/obj/ext_lld.o
                0x08003a10                ext_lld_channel_enable
 .text.ext_lld_channel_disable
                0x08003ad0       0x30 bin/obj/ext_lld.o
                0x08003ad0                ext_lld_channel_disable
 .text.ext_lld_start
                0x08003b00       0x80 bin/obj/ext_lld.o
                0x08003b00                ext_lld_start
 .text._pal_lld_init
                0x08003b80       0xc0 bin/obj/pal_lld.o
                0x08003b80                _pal_lld_init
 .text._pal_lld_setgroupmode
                0x08003c40      0x150 bin/obj/pal_lld.o
                0x08003c40                _pal_lld_setgroupmode
 .text.i2c_lld_abort_operation
                0x08003d90       0x50 bin/obj/i2c_lld.o
 .text.i2c_lld_safety_timeout
                0x08003de0       0x30 bin/obj/i2c_lld.o
 .text.i2c_lld_serve_tx_end_irq
                0x08003e10       0x40 bin/obj/i2c_lld.o
 .text.i2c_lld_serve_rx_end_irq
                0x08003e50       0x70 bin/obj/i2c_lld.o
 .text.VectorBC
                0x08003ec0      0x130 bin/obj/i2c_lld.o
                0x08003ec0                VectorBC
 .text.VectorC0
                0x08003ff0       0xf0 bin/obj/i2c_lld.o
                0x08003ff0                VectorC0
 .text.i2c_lld_init
                0x080040e0       0x30 bin/obj/i2c_lld.o
                0x080040e0                i2c_lld_init
 .text.i2c_lld_start
                0x08004110      0x190 bin/obj/i2c_lld.o
                0x08004110                i2c_lld_start
 .text.i2c_lld_stop
                0x080042a0       0x50 bin/obj/i2c_lld.o
                0x080042a0                i2c_lld_stop
 .text.i2c_lld_master_transmit_timeout
                0x080042f0      0x100 bin/obj/i2c_lld.o
                0x080042f0                i2c_lld_master_transmit_timeout
 .text.spi_lld_serve_tx_interrupt
                0x080043f0       0x10 bin/obj/spi_lld.o
 .text.spi_lld_serve_rx_interrupt
                0x08004400       0x80 bin/obj/spi_lld.o
 .text.spi_lld_init
                0x08004480       0x50 bin/obj/spi_lld.o
                0x08004480                spi_lld_init
 .text.spi_lld_start
                0x080044d0       0xb0 bin/obj/spi_lld.o
                0x080044d0                spi_lld_start
 .text.spi_lld_select
                0x08004580       0x10 bin/obj/spi_lld.o
                0x08004580                spi_lld_select
 .text.spi_lld_unselect
                0x08004590       0x10 bin/obj/spi_lld.o
                0x08004590                spi_lld_unselect
 .text.spi_lld_polled_exchange
                0x080045a0       0x10 bin/obj/spi_lld.o
                0x080045a0                spi_lld_polled_exchange
 .text.gpt_lld_serve_interrupt
                0x080045b0       0x30 bin/obj/gpt_lld.o
 .text.VectorA4
                0x080045e0       0x20 bin/obj/gpt_lld.o
                0x080045e0                VectorA4
 .text.VectorB0
                0x08004600       0x20 bin/obj/gpt_lld.o
                0x08004600                VectorB0
 .text.Vector108
                0x08004620       0x20 bin/obj/gpt_lld.o
                0x08004620                Vector108
 .text.gpt_lld_init
                0x08004640       0x50 bin/obj/gpt_lld.o
                0x08004640                gpt_lld_init
 .text.gpt_lld_start
                0x08004690       0xe0 bin/obj/gpt_lld.o
                0x08004690                gpt_lld_start
 .text.gpt_lld_start_timer
                0x08004770       0x20 bin/obj/gpt_lld.o
                0x08004770                gpt_lld_start_timer
 .text.notify1  0x08004790       0x20 bin/obj/serial_lld.o
 .text.notify2  0x080047b0       0x20 bin/obj/serial_lld.o
 .text.notify3  0x080047d0       0x20 bin/obj/serial_lld.o
 .text.serve_interrupt
                0x080047f0       0xf0 bin/obj/serial_lld.o
 .text.VectorD4
                0x080048e0       0x20 bin/obj/serial_lld.o
                0x080048e0                VectorD4
 .text.VectorD8
                0x08004900       0x20 bin/obj/serial_lld.o
                0x08004900                VectorD8
 .text.VectorDC
                0x08004920       0x20 bin/obj/serial_lld.o
                0x08004920                VectorDC
 .text.sd_lld_init
                0x08004940       0x70 bin/obj/serial_lld.o
                0x08004940                sd_lld_init
 .text.sd_lld_start
                0x080049b0       0xf0 bin/obj/serial_lld.o
                0x080049b0                sd_lld_start
 .text.__early_init
                0x08004aa0       0x10 bin/obj/board.o
                0x08004aa0                __early_init
 .text.boardInit
                0x08004ab0       0x10 bin/obj/board.o
                0x08004ab0                boardInit
 .text.chvprintf
                0x08004ac0      0x4a0 bin/obj/chprintf.o
                0x08004ac0                chvprintf
 .text.list_commands
                0x08004f60       0x30 bin/obj/vexshell.o
 .text.cmd_flags
                0x08004f90      0x140 bin/obj/vexshell.o
 .text.cmd_systime
                0x080050d0       0x30 bin/obj/vexshell.o
 .text.cmd_info
                0x08005100      0x100 bin/obj/vexshell.o
 .text.cmd_reboot
                0x08005200       0x50 bin/obj/vexshell.o
 .text.cmd_threads
                0x08005250       0xa0 bin/obj/vexshell.o
 .text.cmd_mem  0x080052f0       0x90 bin/obj/vexshell.o
 .text._strtok.constprop.5
                0x08005380       0x50 bin/obj/vexshell.o
 .text.shellInit
                0x080053d0       0x10 bin/obj/vexshell.o
                0x080053d0                shellInit
 .text.shellCreate
                0x080053e0       0x20 bin/obj/vexshell.o
                0x080053e0                shellCreate
 .text.shellGetLine
                0x08005400      0x320 bin/obj/vexshell.o
                0x08005400                shellGetLine
 .text.shell_thread
                0x08005720      0x280 bin/obj/vexshell.o
 .text.vexCortexMonitorTask
                0x080059a0      0x1e0 bin/obj/vexcortex.o
 .text.vexCortexSystemTask
                0x08005b80       0xf0 bin/obj/vexcortex.o
 .text.vexTaskRegisterPersistant
                0x08005c70       0x90 bin/obj/vexcortex.o
                0x08005c70                vexTaskRegisterPersistant
 .text.vexTaskRegister
                0x08005d00       0x10 bin/obj/vexcortex.o
                0x08005d00                vexTaskRegister
 .text.vexSleep
                0x08005d10       0xd0 bin/obj/vexcortex.o
                0x08005d10                vexSleep
 .text.vexCortexInit
                0x08005de0      0x130 bin/obj/vexcortex.o
                0x08005de0                vexCortexInit
 .text.vexConsoleInit
                0x08005f10       0x20 bin/obj/vexcortex.o
                0x08005f10                vexConsoleInit
 .text._vi_cb   0x08005f30      0x170 bin/obj/vexdigital.o
 .text.vexDigitalModeSet
                0x080060a0       0x40 bin/obj/vexdigital.o
                0x080060a0                vexDigitalModeSet
 .text.vexDigitalPinSet
                0x080060e0       0x40 bin/obj/vexdigital.o
                0x080060e0                vexDigitalPinSet
 .text.vexDigitalPinGet
                0x08006120       0x30 bin/obj/vexdigital.o
                0x08006120                vexDigitalPinGet
 .text.vexDigitalIntrSet
                0x08006150       0x70 bin/obj/vexdigital.o
                0x08006150                vexDigitalIntrSet
 .text.vexDigitalIntrRun
                0x080061c0      0x230 bin/obj/vexdigital.o
                0x080061c0                vexDigitalIntrRun
 .text.vexDigitalConfigure
                0x080063f0      0x280 bin/obj/vexconfig.o
                0x080063f0                vexDigitalConfigure
 .text.vexMotorConfigure
                0x08006670       0xe0 bin/obj/vexconfig.o
                0x08006670                vexMotorConfigure
 .text.vexExtSet
                0x08006750       0x60 bin/obj/vexext.o
                0x08006750                vexExtSet
 .text.vexExtIrqInit
                0x080067b0       0x20 bin/obj/vexext.o
                0x080067b0                vexExtIrqInit
 .text._vqe_5_cb_a
                0x080067d0       0x50 bin/obj/vexencoder.o
 .text._vqe_5_cb_b
                0x08006820       0x50 bin/obj/vexencoder.o
 .text._vqe_1_cb_a
                0x08006870       0x50 bin/obj/vexencoder.o
 .text._vqe_2_cb_a
                0x080068c0       0x50 bin/obj/vexencoder.o
 .text._vqe_3_cb_a
                0x08006910       0x50 bin/obj/vexencoder.o
 .text._vqe_4_cb_a
                0x08006960       0x50 bin/obj/vexencoder.o
 .text._vqe_1_cb_b
                0x080069b0       0x50 bin/obj/vexencoder.o
 .text._vqe_2_cb_b
                0x08006a00       0x50 bin/obj/vexencoder.o
 .text._vqe_3_cb_b
                0x08006a50       0x50 bin/obj/vexencoder.o
 .text._vqe_4_cb_b
                0x08006aa0       0x50 bin/obj/vexencoder.o
 .text.vexEncoderInit
                0x08006af0       0x30 bin/obj/vexencoder.o
                0x08006af0                vexEncoderInit
 .text.vexEncoderAdd
                0x08006b20       0xc0 bin/obj/vexencoder.o
                0x08006b20                vexEncoderAdd
 .text.vexEncoderStart
                0x08006be0       0x40 bin/obj/vexencoder.o
                0x08006be0                vexEncoderStart
 .text.vexEncoderStartAll
                0x08006c20       0x30 bin/obj/vexencoder.o
                0x08006c20                vexEncoderStartAll
 .text.vexEncoderGet
                0x08006c50       0x30 bin/obj/vexencoder.o
                0x08006c50                vexEncoderGet
 .text.vexEncoderSet
                0x08006c80       0x30 bin/obj/vexencoder.o
                0x08006c80                vexEncoderSet
 .text.vexEncoderGetId
                0x08006cb0       0x30 bin/obj/vexencoder.o
                0x08006cb0                vexEncoderGetId
 .text.vexEncoderDebug
                0x08006ce0       0x70 bin/obj/vexencoder.o
                0x08006ce0                vexEncoderDebug
 .text._vs_echo_cb
                0x08006d50       0x70 bin/obj/vexsonar.o
 .text._vs_gpt_cb
                0x08006dc0       0x90 bin/obj/vexsonar.o
 .text.vexSonarAdd
                0x08006e50       0x90 bin/obj/vexsonar.o
                0x08006e50                vexSonarAdd
 .text.vexSonarStart
                0x08006ee0       0x30 bin/obj/vexsonar.o
                0x08006ee0                vexSonarStart
 .text.vexSonarStartAll
                0x08006f10       0x30 bin/obj/vexsonar.o
                0x08006f10                vexSonarStartAll
 .text.vexSonarRun
                0x08006f40       0x70 bin/obj/vexsonar.o
                0x08006f40                vexSonarRun
 .text.vexSonarPing
                0x08006fb0       0x40 bin/obj/vexsonar.o
                0x08006fb0                vexSonarPing
 .text.VexSonarTask
                0x08006ff0      0x190 bin/obj/vexsonar.o
 .text.vexSonarDebug
                0x08007180      0x110 bin/obj/vexsonar.o
                0x08007180                vexSonarDebug
 .text.vexMotorSet
                0x08007290       0x30 bin/obj/vexmotor.o
                0x08007290                vexMotorSet
 .text.vexMotorGet
                0x080072c0       0x20 bin/obj/vexmotor.o
                0x080072c0                vexMotorGet
 .text.vexMotorStopAll
                0x080072e0       0x60 bin/obj/vexmotor.o
                0x080072e0                vexMotorStopAll
 .text.vexMotorTypeSet
                0x08007340       0x20 bin/obj/vexmotor.o
                0x08007340                vexMotorTypeSet
 .text.vexMotorDirectionSet
                0x08007360       0x20 bin/obj/vexmotor.o
                0x08007360                vexMotorDirectionSet
 .text.vexMotorDirectionGet
                0x08007380       0x20 bin/obj/vexmotor.o
                0x08007380                vexMotorDirectionGet
 .text.vexMotorPositionGet
                0x080073a0       0x50 bin/obj/vexmotor.o
                0x080073a0                vexMotorPositionGet
 .text.vexMotorPositionGetCallback
                0x080073f0       0x20 bin/obj/vexmotor.o
                0x080073f0                vexMotorPositionGetCallback
 .text.vexMotorPositionSetCallback
                0x08007410       0x20 bin/obj/vexmotor.o
                0x08007410                vexMotorPositionSetCallback
 .text.vexMotorEncoderIdCallback
                0x08007430       0x20 bin/obj/vexmotor.o
                0x08007430                vexMotorEncoderIdCallback
 .text.vexMotorDebug
                0x08007450      0x4d0 bin/obj/vexmotor.o
                0x08007450                vexMotorDebug
 .text._vexMotorPwmInit
                0x08007920      0x160 bin/obj/vexmotor.o
                0x08007920                _vexMotorPwmInit
 .text.vexMotorInit
                0x08007a80       0xc0 bin/obj/vexmotor.o
                0x08007a80                vexMotorInit
 .text._vexMotorPwmSet_0
                0x08007b40       0x60 bin/obj/vexmotor.o
                0x08007b40                _vexMotorPwmSet_0
 .text._vexMotorPwmSet_9
                0x08007ba0       0x70 bin/obj/vexmotor.o
                0x08007ba0                _vexMotorPwmSet_9
 .text.VectorB8
                0x08007c10      0x110 bin/obj/vexmotor.o
                0x08007c10                VectorB8
 .text.chprintf
                0x08007d20       0x20 bin/obj/vexspi.o
 .text._vspi_gpt_cb
                0x08007d40       0x30 bin/obj/vexspi.o
 .text.vexSpiInit
                0x08007d70       0x60 bin/obj/vexspi.o
                0x08007d70                vexSpiInit
 .text.vexSpiGetOnlineStatus
                0x08007dd0       0x10 bin/obj/vexspi.o
                0x08007dd0                vexSpiGetOnlineStatus
 .text.vexSpiGetJoystickDataPtr
                0x08007de0       0x20 bin/obj/vexspi.o
                0x08007de0                vexSpiGetJoystickDataPtr
 .text.vexSpiGetControl
                0x08007e00       0x10 bin/obj/vexspi.o
                0x08007e00                vexSpiGetControl
 .text.vexSpiGetMainBattery
                0x08007e10       0x20 bin/obj/vexspi.o
                0x08007e10                vexSpiGetMainBattery
 .text.vexSpiSetMotor
                0x08007e30       0x40 bin/obj/vexspi.o
                0x08007e30                vexSpiSetMotor
 .text.vexSpiTickDelay
                0x08007e70       0x40 bin/obj/vexspi.o
                0x08007e70                vexSpiTickDelay
 .text.vexSpiSend
                0x08007eb0      0x460 bin/obj/vexspi.o
                0x08007eb0                vexSpiSend
 .text.vexSpiDebug
                0x08008310      0x2d0 bin/obj/vexspi.o
                0x08008310                vexSpiDebug
 .text.vexLcdInit
                0x080085e0      0x100 bin/obj/vexlcd.o
                0x080085e0                vexLcdInit
 .text.vexLcdSet
                0x080086e0       0x30 bin/obj/vexlcd.o
                0x080086e0                vexLcdSet
 .text.vexLcdPrintf
                0x08008710       0x40 bin/obj/vexlcd.o
                0x08008710                vexLcdPrintf
 .text.vexLcdButtonGet
                0x08008750       0x20 bin/obj/vexlcd.o
                0x08008750                vexLcdButtonGet
 .text.vexLcdSendMessage
                0x08008770      0x230 bin/obj/vexlcd.o
                0x08008770                vexLcdSendMessage
 .text.vexLcdCheckReceiveMessage
                0x080089a0      0x1e0 bin/obj/vexlcd.o
                0x080089a0                vexLcdCheckReceiveMessage
 .text.VexLcdUpdate
                0x08008b80      0x110 bin/obj/vexlcd.o
 .text.vexLcdDebug
                0x08008c90       0xd0 bin/obj/vexlcd.o
                0x08008c90                vexLcdDebug
 .text.vexAdcInit
                0x08008d60       0x40 bin/obj/vexanalog.o
                0x08008d60                vexAdcInit
 .text.vexAdcGet
                0x08008da0       0x20 bin/obj/vexanalog.o
                0x08008da0                vexAdcGet
 .text.vexAdcDebug
                0x08008dc0       0x90 bin/obj/vexanalog.o
                0x08008dc0                vexAdcDebug
 .text.vexControllerCompetitonState
                0x08008e50       0x20 bin/obj/vexctl.o
                0x08008e50                vexControllerCompetitonState
 .text.vexControllerGet
                0x08008e70      0x140 bin/obj/vexctl.o
                0x08008e70                vexControllerGet
 .text.vexImeGetCount
                0x08008fb0       0x30 bin/obj/vexime.o
                0x08008fb0                vexImeGetCount
 .text.vexImeSetCount
                0x08008fe0       0x20 bin/obj/vexime.o
                0x08008fe0                vexImeSetCount
 .text.vexImeGetId
                0x08009000       0x20 bin/obj/vexime.o
                0x08009000                vexImeGetId
 .text.vexImeSetType
                0x08009020       0x50 bin/obj/vexime.o
                0x08009020                vexImeSetType
 .text.vexImeSetMotor
                0x08009070       0x20 bin/obj/vexime.o
                0x08009070                vexImeSetMotor
 .text.vexImeMotorGetCount
                0x08009090       0x90 bin/obj/vexime.o
                0x08009090                vexImeMotorGetCount
 .text.vexImeInit
                0x08009120       0xd0 bin/obj/vexime.o
                0x08009120                vexImeInit
 .text.vexIMEDataInit
                0x080091f0       0x50 bin/obj/vexime.o
                0x080091f0                vexIMEDataInit
 .text.vexIMEResetAll
                0x08009240       0x50 bin/obj/vexime.o
                0x08009240                vexIMEResetAll
 .text.vexIMEHandleErrors
                0x08009290       0x90 bin/obj/vexime.o
                0x08009290                vexIMEHandleErrors
 .text.vexIMESetAddr
                0x08009320       0x70 bin/obj/vexime.o
                0x08009320                vexIMESetAddr
 .text.vexIMEEnableTermination
                0x08009390       0x60 bin/obj/vexime.o
                0x08009390                vexIMEEnableTermination
 .text.vexIMEDisableTermination
                0x080093f0       0x60 bin/obj/vexime.o
                0x080093f0                vexIMEDisableTermination
 .text.vexIMEClearCounters
                0x08009450       0x60 bin/obj/vexime.o
                0x08009450                vexIMEClearCounters
 .text.vexIMEGetData
                0x080094b0       0x60 bin/obj/vexime.o
                0x080094b0                vexIMEGetData
 .text.vexIMEUpdateCounts
                0x08009510       0x80 bin/obj/vexime.o
                0x08009510                vexIMEUpdateCounts
 .text.vexIMEGetDeviceId
                0x08009590       0x60 bin/obj/vexime.o
                0x08009590                vexIMEGetDeviceId
 .text.vexIMEGetVendor
                0x080095f0       0x70 bin/obj/vexime.o
                0x080095f0                vexIMEGetVendor
 .text.vexIMEGetVersion
                0x08009660       0x60 bin/obj/vexime.o
                0x08009660                vexIMEGetVersion
 .text.vexIMEFindEncoders
                0x080096c0      0x5a0 bin/obj/vexime.o
                0x080096c0                vexIMEFindEncoders
 .text.vexIMEPrintBuf
                0x08009c60      0x160 bin/obj/vexime.o
                0x08009c60                vexIMEPrintBuf
 .text.vexImeTask
                0x08009dc0      0x110 bin/obj/vexime.o
 .text.vexIMEDebug
                0x08009ed0      0x150 bin/obj/vexime.o
                0x08009ed0                vexIMEDebug
 .text.vex_printc
                0x0800a020       0xc0 bin/obj/vexprintf.o
 .text.vex_prints
                0x0800a0e0       0xe0 bin/obj/vexprintf.o
 .text.vex_printi
                0x0800a1c0       0xd0 bin/obj/vexprintf.o
 .text.vex_print
                0x0800a290      0x4e0 bin/obj/vexprintf.o
 .text.vex_chprintf
                0x0800a770       0x70 bin/obj/vexprintf.o
                0x0800a770                vex_chprintf
 .text.vex_vsnprintf
                0x0800a7e0       0x70 bin/obj/vexprintf.o
                0x0800a7e0                vex_vsnprintf
 .text.vexTestThread
                0x0800a850       0x20 bin/obj/vextest.o
 .text.vexTest  0x0800a870       0x30 bin/obj/vextest.o
                0x0800a870                vexTest
 .text.vexTestDebug
                0x0800a8a0       0x10 bin/obj/vextest.o
                0x0800a8a0                vexTestDebug
 .text.vexRobotcTask
                0x0800a8b0       0x20 bin/obj/robotc_glue.o
 .text.StartTaskWithPriority
                0x0800a8d0      0x160 bin/obj/robotc_glue.o
                0x0800a8d0                StartTaskWithPriority
 .text.CleanupTask
                0x0800aa30      0x150 bin/obj/robotc_glue.o
                0x0800aa30                CleanupTask
 .text.vexGyroTask
                0x0800ab80       0xb0 bin/obj/vexgyro.o
 .text.vexGyroInit
                0x0800ac30       0x30 bin/obj/vexgyro.o
                0x0800ac30                vexGyroInit
 .text.GetArmPot
                0x0800ac60       0x20 bin/obj/vexuser.o
 .text.autonSelect
                0x0800ac80      0x130 bin/obj/vexuser.o
                0x0800ac80                autonSelect
 .text.ArmPidController
                0x0800adb0       0x80 bin/obj/vexuser.o
                0x0800adb0                ArmPidController
 .text.ArmTask  0x0800ae30       0xc0 bin/obj/vexuser.o
                0x0800ae30                ArmTask
 .text.IntakeSystemControl
                0x0800aef0       0x30 bin/obj/vexuser.o
                0x0800aef0                IntakeSystemControl
 .text.IntakeTask
                0x0800af20       0x40 bin/obj/vexuser.o
                0x0800af20                IntakeTask
 .text.DriveSystemArcadeDrive
                0x0800af60       0xf0 bin/obj/vexuser.o
                0x0800af60                DriveSystemArcadeDrive
 .text.DriveTask
                0x0800b050       0xb0 bin/obj/vexuser.o
                0x0800b050                DriveTask
 .text.autonDrive
                0x0800b100      0x230 bin/obj/vexuser.o
                0x0800b100                autonDrive
 .text.autonTurn
                0x0800b330      0x280 bin/obj/vexuser.o
                0x0800b330                autonTurn
 .text.auton1   0x0800b5b0      0x190 bin/obj/vexuser.o
                0x0800b5b0                auton1
 .text.auton2   0x0800b740       0xd0 bin/obj/vexuser.o
                0x0800b740                auton2
 .text.auton3   0x0800b810       0xe0 bin/obj/vexuser.o
                0x0800b810                auton3
 .text.autonRun
                0x0800b8f0       0xe0 bin/obj/vexuser.o
                0x0800b8f0                autonRun
 .text.vexUserSetup
                0x0800b9d0       0x30 bin/obj/vexuser.o
                0x0800b9d0                vexUserSetup
 .text.vexUserInit
                0x0800ba00       0x40 bin/obj/vexuser.o
                0x0800ba00                vexUserInit
 .text.vexAutonomous
                0x0800ba40       0x40 bin/obj/vexuser.o
                0x0800ba40                vexAutonomous
 .text.vexOperator
                0x0800ba80      0x1e0 bin/obj/vexuser.o
                0x0800ba80                vexOperator
 *(.rodata)
 .rodata        0x0800bc60        0x4 bin/obj/vexshell.o
 *fill*         0x0800bc64        0xc 00
 .rodata        0x0800bc70      0x104 /opt/pros/toolchain/bin/../lib/gcc/arm-none-eabi/4.6.3/../../../../arm-none-eabi/lib/thumb2/libc.a(lib_a-ctype_.o)
                0x0800bc70                _ctype_
 *(.rodata.*)
 *fill*         0x0800bd74        0xc 00
 .rodata.str1.4
                0x0800bd80        0x5 bin/obj/chsys.o
                                  0x8 (size before relaxing)
 *fill*         0x0800bd85        0xb 00
 .rodata.ch_debug
                0x0800bd90       0x18 bin/obj/chregistry.o
                0x0800bd90                ch_debug
 *fill*         0x0800bda8        0x8 00
 .rodata.vmt    0x0800bdb0       0x20 bin/obj/serial.o
 .rodata._stm32_dma_streams
                0x0800bdd0       0x90 bin/obj/stm32_dma.o
                0x0800bdd0                _stm32_dma_streams
 .rodata.cfgtab.6358
                0x0800be60       0x14 bin/obj/pal_lld.o
 *fill*         0x0800be74        0xc 00
 .rodata.default_config
                0x0800be80        0xc bin/obj/serial_lld.o
 *fill*         0x0800be8c        0x4 00
 .rodata.pal_default_config
                0x0800be90       0x54 bin/obj/board.o
                0x0800be90                pal_default_config
 *fill*         0x0800bee4        0xc 00
 .rodata.str1.4
                0x0800bef0        0x7 bin/obj/chprintf.o
                                  0x8 (size before relaxing)
 *fill*         0x0800bef7        0x9 00
 .rodata.states.7548
                0x0800bf00       0x3c bin/obj/vexshell.o
 *fill*         0x0800bf3c        0x4 00
 .rodata.str1.4
                0x0800bf40      0x4c2 bin/obj/vexshell.o
                                0x4cc (size before relaxing)
 *fill*         0x0800c402        0xe 00
 .rodata.lcd_config
                0x0800c410        0xc bin/obj/vexcortex.o
 *fill*         0x0800c41c        0x4 00
 .rodata.console_config
                0x0800c420        0xc bin/obj/vexcortex.o
 *fill*         0x0800c42c        0x4 00
 .rodata.str1.4
                0x0800c430       0x4c bin/obj/vexcortex.o
                                 0x70 (size before relaxing)
 *fill*         0x0800c47c        0x4 00
 .rodata._vqe_cb_a
                0x0800c480       0x14 bin/obj/vexencoder.o
 *fill*         0x0800c494        0xc 00
 .rodata._vqe_cb_b
                0x0800c4a0       0x14 bin/obj/vexencoder.o
 *fill*         0x0800c4b4        0xc 00
 .rodata.str1.4
                0x0800c4c0       0x11 bin/obj/vexencoder.o
                                 0x14 (size before relaxing)
 *fill*         0x0800c4d1        0xf 00
 .rodata.vexSonarGpt
                0x0800c4e0        0xc bin/obj/vexsonar.o
 *fill*         0x0800c4ec        0x4 00
 .rodata.str1.4
                0x0800c4f0       0x30 bin/obj/vexsonar.o
 .rodata.str1.4
                0x0800c520       0x5d bin/obj/vexmotor.o
                                 0x68 (size before relaxing)
 *fill*         0x0800c57d        0x3 00
 .rodata.txInitData
                0x0800c580       0x20 bin/obj/vexspi.o
 .rodata.vexSpiGpt
                0x0800c5a0        0xc bin/obj/vexspi.o
 *fill*         0x0800c5ac        0x4 00
 .rodata.str1.4
                0x0800c5b0       0x67 bin/obj/vexspi.o
                                 0x6c (size before relaxing)
 *fill*         0x0800c617        0x9 00
 .rodata.str1.4
                0x0800c620       0x45 bin/obj/vexlcd.o
                                 0x4c (size before relaxing)
 *fill*         0x0800c665        0xb 00
 .rodata.str1.4
                0x0800c670       0x13 bin/obj/vexanalog.o
                                 0x14 (size before relaxing)
 *fill*         0x0800c683        0xd 00
 .rodata.str1.4
                0x0800c690       0xef bin/obj/vexime.o
                                0x104 (size before relaxing)
 *fill*         0x0800c77f        0x1 00
 .rodata.imeI2cConfig
                0x0800c780        0xc bin/obj/vexime.o
 *fill*         0x0800c78c        0x4 00
 .rodata.str1.4
                0x0800c790        0x2 bin/obj/vexprintf.o
                                  0xc (size before relaxing)
 *fill*         0x0800c792        0xe 00
 .rodata.round_nums
                0x0800c7a0       0x40 bin/obj/vexprintf.o
 .rodata.str1.4
                0x0800c7e0        0x5 bin/obj/vextest.o
                                  0x8 (size before relaxing)
 *fill*         0x0800c7e5        0xb 00
 .rodata.str1.4
                0x0800c7f0        0xc bin/obj/robotc_glue.o
 *fill*         0x0800c7fc        0x4 00
 .rodata.str1.4
                0x0800c800        0x5 bin/obj/vexgyro.o
                                  0x8 (size before relaxing)
 *fill*         0x0800c805        0xb 00
 .rodata.str1.4
                0x0800c810       0xc2 bin/obj/vexuser.o
                                 0xc4 (size before relaxing)
 *fill*         0x0800c8d2        0xe 00
 .rodata.commands
                0x0800c8e0       0x48 bin/obj/main.o
 *fill*         0x0800c928        0x8 00
 .rodata.shell_cfg1
                0x0800c930        0x8 bin/obj/main.o
 *fill*         0x0800c938        0x8 00
 .rodata.str1.4
                0x0800c940       0x18 bin/obj/main.o
                                 0x28 (size before relaxing)
 *fill*         0x0800c958        0x8 00
 .rodata.str1.4
                0x0800c960        0x4 /opt/pros/toolchain/bin/../lib/gcc/arm-none-eabi/4.6.3/../../../../arm-none-eabi/lib/thumb2/libc.a(lib_a-impure.o)
 *(.glue_7t)
 .glue_7t       0x00000000        0x0 linker stubs
 *(.glue_7)
 .glue_7        0x00000000        0x0 linker stubs
 *(.gcc*)

.vfp11_veneer   0x0800c964        0x0
 .vfp11_veneer  0x00000000        0x0 linker stubs

.v4_bx          0x0800c964        0x0
 .v4_bx         0x00000000        0x0 linker stubs

.iplt           0x0800c964        0x0
 .iplt          0x00000000        0x0 bin/obj/crt0.o

.rel.dyn        0x0800c964        0x0
 .rel.iplt      0x00000000        0x0 bin/obj/crt0.o

.ARM.extab
 *(.ARM.extab* .gnu.linkonce.armextab.*)

.ARM.exidx      0x0800c964        0x0
                0x0800c964                PROVIDE (__exidx_start, .)
 *(.ARM.exidx* .gnu.linkonce.armexidx.*)
                0x0800c964                PROVIDE (__exidx_end, .)

.eh_frame_hdr
 *(.eh_frame_hdr)

.eh_frame
 *(.eh_frame)

.textalign      0x0800c964        0x4
                0x0800c968                . = ALIGN (0x8)
 *fill*         0x0800c964        0x4 00
                0x0800c968                _etext = .
                0x0800c968                _textdata = _etext

.stacks         0x20000000      0x800
                0x20000000                . = ALIGN (0x8)
                0x20000000                __main_stack_base__ = .
                0x20000400                . = (. + __main_stack_size__)
 *fill*         0x20000000      0x400 00
                0x20000400                . = ALIGN (0x8)
                0x20000400                __main_stack_end__ = .
                0x20000400                __process_stack_base__ = .
                0x20000400                __main_thread_stack_base__ = .
                0x20000800                . = (. + __process_stack_size__)
 *fill*         0x20000400      0x400 00
                0x20000800                . = ALIGN (0x8)
                0x20000800                __process_stack_end__ = .
                0x20000800                __main_thread_stack_end__ = .

.data           0x20000800      0x480 load address 0x0800c968
                0x20000800                . = ALIGN (0x4)
                0x20000800                PROVIDE (_data, .)
 *(.data)
 .data          0x20000800        0x4 /opt/pros/toolchain/bin/../lib/gcc/arm-none-eabi/4.6.3/../../../../arm-none-eabi/lib/thumb2/libc.a(lib_a-ctype_.o)
                0x20000800                __ctype_ptr__
 .data          0x20000804       0xf4 /opt/pros/toolchain/bin/../lib/gcc/arm-none-eabi/4.6.3/../../../../arm-none-eabi/lib/thumb2/libc.a(lib_a-impure.o)
                0x20000804                _impure_ptr
                0x200008f8                . = ALIGN (0x4)
 *(.data.*)
 .data.shell_echo
                0x200008f8        0x1 bin/obj/vexshell.o
 .data.shell_bufr
                0x200008f9        0x1 bin/obj/vexshell.o
 *fill*         0x200008fa        0x2 00
 .data.local_commands
                0x200008fc       0x38 bin/obj/vexshell.o
 .data.task_terminate
                0x20000934        0x4 bin/obj/vexcortex.o
 .data.vexioDefinition
                0x20000938       0x90 bin/obj/vexdigital.o
                0x20000938                vexioDefinition
 .data.vexDefConfig
                0x200009c8       0x48 bin/obj/vexconfig.o
 .data.vexExtCfg
                0x20000a10       0x98 bin/obj/vexext.o
 .data.spicfg   0x20000aa8        0xc bin/obj/vexspi.o
 .data.spiTeamName
                0x20000ab4       0x10 bin/obj/vexspi.o
 .data.vexLcdData
                0x20000ac4       0xc0 bin/obj/vexlcd.o
 .data.adccg    0x20000b84       0x28 bin/obj/vexanalog.o
 .data.init.7186
                0x20000bac        0x1 bin/obj/robotc_glue.o
 *fill*         0x20000bad        0x3 00
 .data.mConfig  0x20000bb0       0x3c bin/obj/vexuser.o
 .data.armPositionHigh
                0x20000bec        0x2 bin/obj/vexuser.o
 .data.runAutonColor
                0x20000bee        0x2 bin/obj/vexuser.o
 .data.n0       0x20000bf0        0x8 bin/obj/vexuser.o
                0x20000bf0                n0
 .data.armPositionLow
                0x20000bf8        0x2 bin/obj/vexuser.o
 *fill*         0x20000bfa        0x2 00
 .data.n1       0x20000bfc        0x8 bin/obj/vexuser.o
                0x20000bfc                n1
 .data.n2       0x20000c04        0x8 bin/obj/vexuser.o
                0x20000c04                n2
 .data.n3       0x20000c0c        0x8 bin/obj/vexuser.o
                0x20000c0c                n3
 .data.ColorName
                0x20000c14        0x8 bin/obj/vexuser.o
                0x20000c14                ColorName
 .data.c0       0x20000c1c        0x4 bin/obj/vexuser.o
                0x20000c1c                c0
 .data.c1       0x20000c20        0x4 bin/obj/vexuser.o
                0x20000c20                c1
 .data.dConfig  0x20000c24       0x48 bin/obj/vexuser.o
 .data.ProgName
                0x20000c6c       0x10 bin/obj/vexuser.o
                0x20000c6c                ProgName
 .data.armPositionMid
                0x20000c7c        0x2 bin/obj/vexuser.o
                0x20000c80                . = ALIGN (0x4)
 *fill*         0x20000c7e        0x2 00
 *(.ramtext)
                0x20000c80                . = ALIGN (0x4)
                0x20000c80                PROVIDE (_edata, .)

.igot.plt       0x20000c80        0x0 load address 0x0800cde8
 .igot.plt      0x00000000        0x0 bin/obj/crt0.o

.bss            0x20000c80     0x1f2c load address 0x0800cde8
                0x20000c80                . = ALIGN (0x4)
                0x20000c80                PROVIDE (_bss_start, .)
 *(.bss)
                0x20000c80                . = ALIGN (0x4)
 *(.bss.*)
 .bss.mainthread.4647
                0x20000c80       0x48 bin/obj/chsys.o
 .bss._idle_thread_wa
                0x20000cc8       0xc0 bin/obj/chsys.o
                0x20000cc8                _idle_thread_wa
 .bss.vtlist    0x20000d88       0x10 bin/obj/chvt.o
                0x20000d88                vtlist
 .bss.rlist     0x20000d98       0x1c bin/obj/chschd.o
                0x20000d98                rlist
 .bss.endmem    0x20000db4        0x4 bin/obj/chmemcore.o
 .bss.nextmem   0x20000db8        0x4 bin/obj/chmemcore.o
 *fill*         0x20000dbc        0x4 00
 .bss.default_heap
                0x20000dc0       0x20 bin/obj/chheap.o
 .bss.measurement_offset
                0x20000de0        0x4 bin/obj/tm.o
 .bss.dma_isr_redir
                0x20000de4       0x60 bin/obj/stm32_dma.o
 .bss.dma_streams_mask
                0x20000e44        0x4 bin/obj/stm32_dma.o
 .bss.ADCD1     0x20000e48       0x34 bin/obj/adc_lld.o
                0x20000e48                ADCD1
 .bss.EXTD1     0x20000e7c        0x8 bin/obj/ext_lld.o
                0x20000e7c                EXTD1
 .bss.I2CD1     0x20000e84       0x38 bin/obj/i2c_lld.o
                0x20000e84                I2CD1
 .bss.dummytx   0x20000ebc        0x2 bin/obj/spi_lld.o
 *fill*         0x20000ebe        0x2 00
 .bss.SPID1     0x20000ec0       0x30 bin/obj/spi_lld.o
                0x20000ec0                SPID1
 .bss.GPTD1     0x20000ef0       0x10 bin/obj/gpt_lld.o
                0x20000ef0                GPTD1
 .bss.GPTD2     0x20000f00       0x10 bin/obj/gpt_lld.o
                0x20000f00                GPTD2
 .bss.GPTD5     0x20000f10       0x10 bin/obj/gpt_lld.o
                0x20000f10                GPTD5
 .bss.SD1       0x20000f20       0xd8 bin/obj/serial_lld.o
                0x20000f20                SD1
 .bss.SD2       0x20000ff8       0xd8 bin/obj/serial_lld.o
                0x20000ff8                SD2
 .bss.SD3       0x200010d0       0xd8 bin/obj/serial_lld.o
                0x200010d0                SD3
 .bss.history.7611
                0x200011a8       0x40 bin/obj/vexshell.o
 .bss.shell_terminated
                0x200011e8        0x4 bin/obj/vexshell.o
                0x200011e8                shell_terminated
 *fill*         0x200011ec        0x4 00
 .bss.waVexUserTask
                0x200011f0      0x2b0 bin/obj/vexcortex.o
 .bss.waVexCortexSystemTask
                0x200014a0      0x180 bin/obj/vexcortex.o
 .bss.myThreads
                0x20001620      0x1e0 bin/obj/vexcortex.o
 .bss.waVexCortexMonitorTask
                0x20001800      0x280 bin/obj/vexcortex.o
 .bss.vexKillAll
                0x20001a80        0x1 bin/obj/vexcortex.o
 *fill*         0x20001a81        0x3 00
 .bss.vexQuadEncoders
                0x20001a84       0x8c bin/obj/vexencoder.o
 .bss.vexSonarThread
                0x20001b10        0x4 bin/obj/vexsonar.o
 *fill*         0x20001b14        0x4 00
 .bss.waVexSonarTask
                0x20001b18      0x180 bin/obj/vexsonar.o
 .bss.nextSonar
                0x20001c98        0x1 bin/obj/vexsonar.o
 *fill*         0x20001c99        0x3 00
 .bss.vexSonars
                0x20001c9c       0xa0 bin/obj/vexsonar.o
 .bss.nextState
                0x20001d3c        0x1 bin/obj/vexsonar.o
 *fill*         0x20001d3d        0x1 00
 .bss.m0_cur_value
                0x20001d3e        0x2 bin/obj/vexmotor.o
 .bss.m9_new_value
                0x20001d40        0x2 bin/obj/vexmotor.o
 .bss.m9_cur_value
                0x20001d42        0x2 bin/obj/vexmotor.o
 .bss.vexMotors
                0x20001d44       0xc8 bin/obj/vexmotor.o
 .bss.m0_new_value
                0x20001e0c        0x2 bin/obj/vexmotor.o
 *fill*         0x20001e0e        0x2 00
 .bss.PwmTimer  0x20001e10        0x4 bin/obj/vexmotor.o
 .bss.vexSpiData
                0x20001e14       0x68 bin/obj/vexspi.o
 .bss.spiThread
                0x20001e7c        0x4 bin/obj/vexspi.o
 .bss.lcd_running
                0x20001e80        0x2 bin/obj/vexlcd.o
 *fill*         0x20001e82        0x2 00
 .bss.lcd_buffer
                0x20001e84       0x20 bin/obj/vexlcd.o
 *fill*         0x20001ea4        0x4 00
 .bss.waVexLcdUpdate
                0x20001ea8      0x180 bin/obj/vexlcd.o
 .bss.adccfg    0x20002028        0x4 bin/obj/vexanalog.o
 .bss.samples_buf
                0x2000202c       0x10 bin/obj/vexanalog.o
 .bss.vexLocalCompState
                0x2000203c        0x2 bin/obj/vexctl.o
 *fill*         0x2000203e        0x2 00
 .bss.errors    0x20002040        0x4 bin/obj/vexime.o
 *fill*         0x20002044        0x4 00
 .bss.waVexImeTask
                0x20002048      0x280 bin/obj/vexime.o
 .bss.vexImes   0x200022c8      0x37c bin/obj/vexime.o
 .bss.pdefs1    0x20002644       0x64 bin/obj/vexprintf.o
 .bss.pdefs2    0x200026a8       0x64 bin/obj/vexprintf.o
 *fill*         0x2000270c        0x4 00
 .bss.waVexTestThread
                0x20002710      0x180 bin/obj/vextest.o
 .bss.rcTasks   0x20002890       0x50 bin/obj/robotc_glue.o
 .bss.GyroValue
                0x200028e0        0x4 bin/obj/vexgyro.o
 *fill*         0x200028e4        0x4 00
 .bss.waVexGyroTask
                0x200028e8      0x2b0 bin/obj/vexgyro.o
 .bss.armRequestedValue
                0x20002b98        0x2 bin/obj/vexuser.o
 .bss.gyro_base
                0x20002b9a        0x2 bin/obj/vexuser.o
 .bss.runAutonProgram
                0x20002b9c        0x2 bin/obj/vexuser.o
 *fill*         0x20002b9e        0x2 00
 .bss.gyro_err  0x20002ba0        0xc bin/obj/vexuser.o
                0x20002bac                . = ALIGN (0x4)
 *(COMMON)
                0x20002bac                . = ALIGN (0x4)
                0x20002bac                PROVIDE (_bss_end, .)
                0x20002bac                PROVIDE (end, .)
                0x20002bac                _end = .
                0x20002bac                __heap_base__ = _end
                0x20010000                __heap_end__ = __ram_end__
OUTPUT(bin/output.elf elf32-littlearm)

.debug_info     0x00000000    0x1fd6e
 .debug_info    0x00000000      0x299 bin/obj/crt0.o
 .debug_info    0x00000299      0x1e8 bin/obj/vectors.o
 .debug_info    0x00000481       0x92 bin/obj/chcore.o
 .debug_info    0x00000513      0x7e5 bin/obj/chcore_v7m.o
 .debug_info    0x00000cf8      0x440 bin/obj/nvic.o
 .debug_info    0x00001138      0x7a0 bin/obj/chsys.o
 .debug_info    0x000018d8      0x213 bin/obj/chvt.o
 .debug_info    0x00001aeb      0x8c3 bin/obj/chschd.o
 .debug_info    0x000023ae      0xaae bin/obj/chthreads.o
 .debug_info    0x00002e5c      0x771 bin/obj/chdynamic.o
 .debug_info    0x000035cd      0x660 bin/obj/chregistry.o
 .debug_info    0x00003c2d      0x96d bin/obj/chmtx.o
 .debug_info    0x0000459a      0xced bin/obj/chevents.o
 .debug_info    0x00005287      0xb55 bin/obj/chqueues.o
 .debug_info    0x00005ddc      0x228 bin/obj/chmemcore.o
 .debug_info    0x00006004      0x65b bin/obj/chheap.o
 .debug_info    0x0000665f      0x417 bin/obj/chmempools.o
 .debug_info    0x00006a76      0x2fc bin/obj/hal.o
 .debug_info    0x00006d72      0xcf5 bin/obj/adc.o
 .debug_info    0x00007a67      0x3e2 bin/obj/ext.o
 .debug_info    0x00007e49      0x737 bin/obj/gpt.o
 .debug_info    0x00008580      0xaa7 bin/obj/i2c.o
 .debug_info    0x00009027      0xc9a bin/obj/serial.o
 .debug_info    0x00009cc1      0xe4b bin/obj/spi.o
 .debug_info    0x0000ab0c      0x2d7 bin/obj/tm.o
 .debug_info    0x0000ade3      0x73d bin/obj/stm32_dma.o
 .debug_info    0x0000b520      0x3ab bin/obj/hal_lld.o
 .debug_info    0x0000b8cb      0xb96 bin/obj/adc_lld.o
 .debug_info    0x0000c461      0x4e6 bin/obj/ext_lld_isr.o
 .debug_info    0x0000c947      0x3af bin/obj/ext_lld.o
 .debug_info    0x0000ccf6      0x3ad bin/obj/pal_lld.o
 .debug_info    0x0000d0a3     0x12a8 bin/obj/i2c_lld.o
 .debug_info    0x0000e34b      0xc05 bin/obj/spi_lld.o
 .debug_info    0x0000ef50      0x5bc bin/obj/gpt_lld.o
 .debug_info    0x0000f50c      0xd34 bin/obj/serial_lld.o
 .debug_info    0x00010240      0x215 bin/obj/board.o
 .debug_info    0x00010455      0x5b4 bin/obj/chprintf.o
 .debug_info    0x00010a09     0x12c9 bin/obj/vexshell.o
 .debug_info    0x00011cd2     0x1452 bin/obj/vexcortex.o
 .debug_info    0x00013124      0x573 bin/obj/vexdigital.o
 .debug_info    0x00013697      0x514 bin/obj/vexconfig.o
 .debug_info    0x00013bab      0x37b bin/obj/vexext.o
 .debug_info    0x00013f26      0xf27 bin/obj/vexencoder.o
 .debug_info    0x00014e4d     0x104f bin/obj/vexsonar.o
 .debug_info    0x00015e9c      0xf4c bin/obj/vexmotor.o
 .debug_info    0x00016de8     0x137a bin/obj/vexspi.o
 .debug_info    0x00018162     0x1097 bin/obj/vexlcd.o
 .debug_info    0x000191f9      0xb46 bin/obj/vexanalog.o
 .debug_info    0x00019d3f      0x497 bin/obj/vexctl.o
 .debug_info    0x0001a1d6     0x1524 bin/obj/vexime.o
 .debug_info    0x0001b6fa     0x1423 bin/obj/vexprintf.o
 .debug_info    0x0001cb1d      0x6e4 bin/obj/vextest.o
 .debug_info    0x0001d201      0x6ca bin/obj/robotc_glue.o
 .debug_info    0x0001d8cb      0x6ad bin/obj/vexgyro.o
 .debug_info    0x0001df78     0x1318 bin/obj/vexuser.o
 .debug_info    0x0001f290      0xade bin/obj/main.o

.debug_abbrev   0x00000000     0x6f8e
 .debug_abbrev  0x00000000       0xe1 bin/obj/crt0.o
 .debug_abbrev  0x000000e1       0xae bin/obj/vectors.o
 .debug_abbrev  0x0000018f       0x41 bin/obj/chcore.o
 .debug_abbrev  0x000001d0      0x1b4 bin/obj/chcore_v7m.o
 .debug_abbrev  0x00000384       0xec bin/obj/nvic.o
 .debug_abbrev  0x00000470      0x187 bin/obj/chsys.o
 .debug_abbrev  0x000005f7      0x12a bin/obj/chvt.o
 .debug_abbrev  0x00000721      0x2a9 bin/obj/chschd.o
 .debug_abbrev  0x000009ca      0x2c8 bin/obj/chthreads.o
 .debug_abbrev  0x00000c92      0x1a6 bin/obj/chdynamic.o
 .debug_abbrev  0x00000e38      0x168 bin/obj/chregistry.o
 .debug_abbrev  0x00000fa0      0x28e bin/obj/chmtx.o
 .debug_abbrev  0x0000122e      0x29f bin/obj/chevents.o
 .debug_abbrev  0x000014cd      0x298 bin/obj/chqueues.o
 .debug_abbrev  0x00001765      0x160 bin/obj/chmemcore.o
 .debug_abbrev  0x000018c5      0x1ba bin/obj/chheap.o
 .debug_abbrev  0x00001a7f      0x20a bin/obj/chmempools.o
 .debug_abbrev  0x00001c89      0x17b bin/obj/hal.o
 .debug_abbrev  0x00001e04      0x27f bin/obj/adc.o
 .debug_abbrev  0x00002083      0x16f bin/obj/ext.o
 .debug_abbrev  0x000021f2      0x1e3 bin/obj/gpt.o
 .debug_abbrev  0x000023d5      0x229 bin/obj/i2c.o
 .debug_abbrev  0x000025fe      0x207 bin/obj/serial.o
 .debug_abbrev  0x00002805      0x227 bin/obj/spi.o
 .debug_abbrev  0x00002a2c      0x1af bin/obj/tm.o
 .debug_abbrev  0x00002bdb      0x199 bin/obj/stm32_dma.o
 .debug_abbrev  0x00002d74       0xf6 bin/obj/hal_lld.o
 .debug_abbrev  0x00002e6a      0x224 bin/obj/adc_lld.o
 .debug_abbrev  0x0000308e      0x17b bin/obj/ext_lld_isr.o
 .debug_abbrev  0x00003209      0x1a2 bin/obj/ext_lld.o
 .debug_abbrev  0x000033ab      0x138 bin/obj/pal_lld.o
 .debug_abbrev  0x000034e3      0x358 bin/obj/i2c_lld.o
 .debug_abbrev  0x0000383b      0x252 bin/obj/spi_lld.o
 .debug_abbrev  0x00003a8d      0x1d2 bin/obj/gpt_lld.o
 .debug_abbrev  0x00003c5f      0x2b9 bin/obj/serial_lld.o
 .debug_abbrev  0x00003f18       0xe4 bin/obj/board.o
 .debug_abbrev  0x00003ffc      0x1e6 bin/obj/chprintf.o
 .debug_abbrev  0x000041e2      0x3bd bin/obj/vexshell.o
 .debug_abbrev  0x0000459f      0x313 bin/obj/vexcortex.o
 .debug_abbrev  0x000048b2      0x1c8 bin/obj/vexdigital.o
 .debug_abbrev  0x00004a7a      0x15d bin/obj/vexconfig.o
 .debug_abbrev  0x00004bd7      0x184 bin/obj/vexext.o
 .debug_abbrev  0x00004d5b      0x276 bin/obj/vexencoder.o
 .debug_abbrev  0x00004fd1      0x272 bin/obj/vexsonar.o
 .debug_abbrev  0x00005243      0x337 bin/obj/vexmotor.o
 .debug_abbrev  0x0000557a      0x2eb bin/obj/vexspi.o
 .debug_abbrev  0x00005865      0x34f bin/obj/vexlcd.o
 .debug_abbrev  0x00005bb4      0x1f7 bin/obj/vexanalog.o
 .debug_abbrev  0x00005dab      0x131 bin/obj/vexctl.o
 .debug_abbrev  0x00005edc      0x304 bin/obj/vexime.o
 .debug_abbrev  0x000061e0      0x357 bin/obj/vexprintf.o
 .debug_abbrev  0x00006537      0x1a4 bin/obj/vextest.o
 .debug_abbrev  0x000066db      0x1eb bin/obj/robotc_glue.o
 .debug_abbrev  0x000068c6      0x1b2 bin/obj/vexgyro.o
 .debug_abbrev  0x00006a78      0x388 bin/obj/vexuser.o
 .debug_abbrev  0x00006e00      0x18e bin/obj/main.o

.debug_loc      0x00000000     0xd6dd
 .debug_loc     0x00000000       0x96 bin/obj/crt0.o
 .debug_loc     0x00000096       0xf4 bin/obj/chcore_v7m.o
 .debug_loc     0x0000018a      0x115 bin/obj/nvic.o
 .debug_loc     0x0000029f       0xed bin/obj/chsys.o
 .debug_loc     0x0000038c       0x8b bin/obj/chvt.o
 .debug_loc     0x00000417      0x31c bin/obj/chschd.o
 .debug_loc     0x00000733      0x50e bin/obj/chthreads.o
 .debug_loc     0x00000c41      0x2c0 bin/obj/chdynamic.o
 .debug_loc     0x00000f01       0xd4 bin/obj/chregistry.o
 .debug_loc     0x00000fd5      0x4e9 bin/obj/chmtx.o
 .debug_loc     0x000014be      0x82a bin/obj/chevents.o
 .debug_loc     0x00001ce8      0x714 bin/obj/chqueues.o
 .debug_loc     0x000023fc       0x8f bin/obj/chmemcore.o
 .debug_loc     0x0000248b      0x292 bin/obj/chheap.o
 .debug_loc     0x0000271d      0x29b bin/obj/chmempools.o
 .debug_loc     0x000029b8       0x8f bin/obj/hal.o
 .debug_loc     0x00002a47      0x43e bin/obj/adc.o
 .debug_loc     0x00002e85      0x245 bin/obj/ext.o
 .debug_loc     0x000030ca      0x33b bin/obj/gpt.o
 .debug_loc     0x00003405      0x2a9 bin/obj/i2c.o
 .debug_loc     0x000036ae      0x423 bin/obj/serial.o
 .debug_loc     0x00003ad1      0x630 bin/obj/spi.o
 .debug_loc     0x00004101       0x97 bin/obj/tm.o
 .debug_loc     0x00004198      0x405 bin/obj/stm32_dma.o
 .debug_loc     0x0000459d       0x20 bin/obj/hal_lld.o
 .debug_loc     0x000045bd      0x2fd bin/obj/adc_lld.o
 .debug_loc     0x000048ba      0x180 bin/obj/ext_lld_isr.o
 .debug_loc     0x00004a3a      0x14b bin/obj/ext_lld.o
 .debug_loc     0x00004b85      0x24c bin/obj/pal_lld.o
 .debug_loc     0x00004dd1      0x8e3 bin/obj/i2c_lld.o
 .debug_loc     0x000056b4      0x364 bin/obj/spi_lld.o
 .debug_loc     0x00005a18      0x21a bin/obj/gpt_lld.o
 .debug_loc     0x00005c32      0x313 bin/obj/serial_lld.o
 .debug_loc     0x00005f45      0x975 bin/obj/chprintf.o
 .debug_loc     0x000068ba      0xb1f bin/obj/vexshell.o
 .debug_loc     0x000073d9      0x451 bin/obj/vexcortex.o
 .debug_loc     0x0000782a      0x3d3 bin/obj/vexdigital.o
 .debug_loc     0x00007bfd      0x208 bin/obj/vexconfig.o
 .debug_loc     0x00007e05       0x64 bin/obj/vexext.o
 .debug_loc     0x00007e69      0x836 bin/obj/vexencoder.o
 .debug_loc     0x0000869f      0x3f9 bin/obj/vexsonar.o
 .debug_loc     0x00008a98      0x823 bin/obj/vexmotor.o
 .debug_loc     0x000092bb      0x5cc bin/obj/vexspi.o
 .debug_loc     0x00009887      0xaf8 bin/obj/vexlcd.o
 .debug_loc     0x0000a37f       0xff bin/obj/vexanalog.o
 .debug_loc     0x0000a47e      0x21b bin/obj/vexctl.o
 .debug_loc     0x0000a699      0xe6e bin/obj/vexime.o
 .debug_loc     0x0000b507      0xf99 bin/obj/vexprintf.o
 .debug_loc     0x0000c4a0       0x5f bin/obj/vextest.o
 .debug_loc     0x0000c4ff      0x689 bin/obj/robotc_glue.o
 .debug_loc     0x0000cb88      0x135 bin/obj/vexgyro.o
 .debug_loc     0x0000ccbd      0x9ab bin/obj/vexuser.o
 .debug_loc     0x0000d668       0x75 bin/obj/main.o

.debug_aranges  0x00000000     0x13c8
 .debug_aranges
                0x00000000       0x38 bin/obj/crt0.o
 .debug_aranges
                0x00000038       0x20 bin/obj/vectors.o
 .debug_aranges
                0x00000058       0x20 bin/obj/chcore.o
 .debug_aranges
                0x00000078       0x50 bin/obj/chcore_v7m.o
 .debug_aranges
                0x000000c8       0x30 bin/obj/nvic.o
 .debug_aranges
                0x000000f8       0x30 bin/obj/chsys.o
 .debug_aranges
                0x00000128       0x30 bin/obj/chvt.o
 .debug_aranges
                0x00000158       0x68 bin/obj/chschd.o
 .debug_aranges
                0x000001c0       0x78 bin/obj/chthreads.o
 .debug_aranges
                0x00000238       0x38 bin/obj/chdynamic.o
 .debug_aranges
                0x00000270       0x28 bin/obj/chregistry.o
 .debug_aranges
                0x00000298       0x58 bin/obj/chmtx.o
 .debug_aranges
                0x000002f0       0xa0 bin/obj/chevents.o
 .debug_aranges
                0x00000390       0x70 bin/obj/chqueues.o
 .debug_aranges
                0x00000400       0x38 bin/obj/chmemcore.o
 .debug_aranges
                0x00000438       0x40 bin/obj/chheap.o
 .debug_aranges
                0x00000478       0x48 bin/obj/chmempools.o
 .debug_aranges
                0x000004c0       0x30 bin/obj/hal.o
 .debug_aranges
                0x000004f0       0x70 bin/obj/adc.o
 .debug_aranges
                0x00000560       0x50 bin/obj/ext.o
 .debug_aranges
                0x000005b0       0x78 bin/obj/gpt.o
 .debug_aranges
                0x00000628       0x60 bin/obj/i2c.o
 .debug_aranges
                0x00000688       0x88 bin/obj/serial.o
 .debug_aranges
                0x00000710       0x98 bin/obj/spi.o
 .debug_aranges
                0x000007a8       0x38 bin/obj/tm.o
 .debug_aranges
                0x000007e0       0x88 bin/obj/stm32_dma.o
 .debug_aranges
                0x00000868       0x28 bin/obj/hal_lld.o
 .debug_aranges
                0x00000890       0x48 bin/obj/adc_lld.o
 .debug_aranges
                0x000008d8       0x78 bin/obj/ext_lld_isr.o
 .debug_aranges
                0x00000950       0x40 bin/obj/ext_lld.o
 .debug_aranges
                0x00000990       0x28 bin/obj/pal_lld.o
 .debug_aranges
                0x000009b8       0x70 bin/obj/i2c_lld.o
 .debug_aranges
                0x00000a28       0x78 bin/obj/spi_lld.o
 .debug_aranges
                0x00000aa0       0x68 bin/obj/gpt_lld.o
 .debug_aranges
                0x00000b08       0x68 bin/obj/serial_lld.o
 .debug_aranges
                0x00000b70       0x28 bin/obj/board.o
 .debug_aranges
                0x00000b98       0x28 bin/obj/chprintf.o
 .debug_aranges
                0x00000bc0       0x80 bin/obj/vexshell.o
 .debug_aranges
                0x00000c40       0x90 bin/obj/vexcortex.o
 .debug_aranges
                0x00000cd0       0x58 bin/obj/vexdigital.o
 .debug_aranges
                0x00000d28       0x48 bin/obj/vexconfig.o
 .debug_aranges
                0x00000d70       0x28 bin/obj/vexext.o
 .debug_aranges
                0x00000d98       0xb0 bin/obj/vexencoder.o
 .debug_aranges
                0x00000e48       0x78 bin/obj/vexsonar.o
 .debug_aranges
                0x00000ec0       0xb0 bin/obj/vexmotor.o
 .debug_aranges
                0x00000f70       0x80 bin/obj/vexspi.o
 .debug_aranges
                0x00000ff0       0x78 bin/obj/vexlcd.o
 .debug_aranges
                0x00001068       0x30 bin/obj/vexanalog.o
 .debug_aranges
                0x00001098       0x38 bin/obj/vexctl.o
 .debug_aranges
                0x000010d0       0xf8 bin/obj/vexime.o
 .debug_aranges
                0x000011c8       0x88 bin/obj/vexprintf.o
 .debug_aranges
                0x00001250       0x30 bin/obj/vextest.o
 .debug_aranges
                0x00001280       0x38 bin/obj/robotc_glue.o
 .debug_aranges
                0x000012b8       0x30 bin/obj/vexgyro.o
 .debug_aranges
                0x000012e8       0xc0 bin/obj/vexuser.o
 .debug_aranges
                0x000013a8       0x20 bin/obj/main.o

.debug_ranges   0x00000000     0x22a8
 .debug_ranges  0x00000000       0x58 bin/obj/crt0.o
 .debug_ranges  0x00000058       0x10 bin/obj/vectors.o
 .debug_ranges  0x00000068       0x10 bin/obj/chcore.o
 .debug_ranges  0x00000078       0x58 bin/obj/chcore_v7m.o
 .debug_ranges  0x000000d0       0x20 bin/obj/nvic.o
 .debug_ranges  0x000000f0       0x20 bin/obj/chsys.o
 .debug_ranges  0x00000110       0x20 bin/obj/chvt.o
 .debug_ranges  0x00000130      0x228 bin/obj/chschd.o
 .debug_ranges  0x00000358      0x110 bin/obj/chthreads.o
 .debug_ranges  0x00000468       0x58 bin/obj/chdynamic.o
 .debug_ranges  0x000004c0       0x30 bin/obj/chregistry.o
 .debug_ranges  0x000004f0      0x220 bin/obj/chmtx.o
 .debug_ranges  0x00000710      0x108 bin/obj/chevents.o
 .debug_ranges  0x00000818       0xa8 bin/obj/chqueues.o
 .debug_ranges  0x000008c0       0x28 bin/obj/chmemcore.o
 .debug_ranges  0x000008e8       0x30 bin/obj/chheap.o
 .debug_ranges  0x00000918      0x1f0 bin/obj/chmempools.o
 .debug_ranges  0x00000b08       0x50 bin/obj/hal.o
 .debug_ranges  0x00000b58       0xf0 bin/obj/adc.o
 .debug_ranges  0x00000c48       0x70 bin/obj/ext.o
 .debug_ranges  0x00000cb8       0x98 bin/obj/gpt.o
 .debug_ranges  0x00000d50       0x80 bin/obj/i2c.o
 .debug_ranges  0x00000dd0       0xa8 bin/obj/serial.o
 .debug_ranges  0x00000e78      0x100 bin/obj/spi.o
 .debug_ranges  0x00000f78       0x60 bin/obj/tm.o
 .debug_ranges  0x00000fd8       0x78 bin/obj/stm32_dma.o
 .debug_ranges  0x00001050       0x38 bin/obj/hal_lld.o
 .debug_ranges  0x00001088       0x70 bin/obj/adc_lld.o
 .debug_ranges  0x000010f8       0x68 bin/obj/ext_lld_isr.o
 .debug_ranges  0x00001160       0x30 bin/obj/ext_lld.o
 .debug_ranges  0x00001190       0x18 bin/obj/pal_lld.o
 .debug_ranges  0x000011a8      0x1d0 bin/obj/i2c_lld.o
 .debug_ranges  0x00001378       0x68 bin/obj/spi_lld.o
 .debug_ranges  0x000013e0       0x58 bin/obj/gpt_lld.o
 .debug_ranges  0x00001438       0xb0 bin/obj/serial_lld.o
 .debug_ranges  0x000014e8       0x18 bin/obj/board.o
 .debug_ranges  0x00001500      0x120 bin/obj/chprintf.o
 .debug_ranges  0x00001620      0x120 bin/obj/vexshell.o
 .debug_ranges  0x00001740       0x98 bin/obj/vexcortex.o
 .debug_ranges  0x000017d8       0x68 bin/obj/vexdigital.o
 .debug_ranges  0x00001840       0x38 bin/obj/vexconfig.o
 .debug_ranges  0x00001878       0x18 bin/obj/vexext.o
 .debug_ranges  0x00001890      0x280 bin/obj/vexencoder.o
 .debug_ranges  0x00001b10       0x88 bin/obj/vexsonar.o
 .debug_ranges  0x00001b98      0x130 bin/obj/vexmotor.o
 .debug_ranges  0x00001cc8       0x88 bin/obj/vexspi.o
 .debug_ranges  0x00001d50       0x98 bin/obj/vexlcd.o
 .debug_ranges  0x00001de8       0x38 bin/obj/vexanalog.o
 .debug_ranges  0x00001e20       0x28 bin/obj/vexctl.o
 .debug_ranges  0x00001e48       0xe8 bin/obj/vexime.o
 .debug_ranges  0x00001f30      0x200 bin/obj/vexprintf.o
 .debug_ranges  0x00002130       0x20 bin/obj/vextest.o
 .debug_ranges  0x00002150       0x28 bin/obj/robotc_glue.o
 .debug_ranges  0x00002178       0x20 bin/obj/vexgyro.o
 .debug_ranges  0x00002198      0x100 bin/obj/vexuser.o
 .debug_ranges  0x00002298       0x10 bin/obj/main.o

.debug_line     0x00000000     0xb1d9
 .debug_line    0x00000000      0x14b bin/obj/crt0.o
 .debug_line    0x0000014b       0xce bin/obj/vectors.o
 .debug_line    0x00000219       0x5e bin/obj/chcore.o
 .debug_line    0x00000277      0x20b bin/obj/chcore_v7m.o
 .debug_line    0x00000482      0x10d bin/obj/nvic.o
 .debug_line    0x0000058f      0x1b0 bin/obj/chsys.o
 .debug_line    0x0000073f      0x15c bin/obj/chvt.o
 .debug_line    0x0000089b      0x357 bin/obj/chschd.o
 .debug_line    0x00000bf2      0x361 bin/obj/chthreads.o
 .debug_line    0x00000f53      0x237 bin/obj/chdynamic.o
 .debug_line    0x0000118a      0x1d5 bin/obj/chregistry.o
 .debug_line    0x0000135f      0x355 bin/obj/chmtx.o
 .debug_line    0x000016b4      0x334 bin/obj/chevents.o
 .debug_line    0x000019e8      0x3a1 bin/obj/chqueues.o
 .debug_line    0x00001d89      0x158 bin/obj/chmemcore.o
 .debug_line    0x00001ee1      0x278 bin/obj/chheap.o
 .debug_line    0x00002159      0x22d bin/obj/chmempools.o
 .debug_line    0x00002386      0x238 bin/obj/hal.o
 .debug_line    0x000025be      0x392 bin/obj/adc.o
 .debug_line    0x00002950      0x1e3 bin/obj/ext.o
 .debug_line    0x00002b33      0x263 bin/obj/gpt.o
 .debug_line    0x00002d96      0x342 bin/obj/i2c.o
 .debug_line    0x000030d8      0x3ab bin/obj/serial.o
 .debug_line    0x00003483      0x40e bin/obj/spi.o
 .debug_line    0x00003891      0x202 bin/obj/tm.o
 .debug_line    0x00003a93      0x31b bin/obj/stm32_dma.o
 .debug_line    0x00003dae      0x1d2 bin/obj/hal_lld.o
 .debug_line    0x00003f80      0x391 bin/obj/adc_lld.o
 .debug_line    0x00004311      0x2a6 bin/obj/ext_lld_isr.o
 .debug_line    0x000045b7      0x21e bin/obj/ext_lld.o
 .debug_line    0x000047d5      0x223 bin/obj/pal_lld.o
 .debug_line    0x000049f8      0x560 bin/obj/i2c_lld.o
 .debug_line    0x00004f58      0x434 bin/obj/spi_lld.o
 .debug_line    0x0000538c      0x2bd bin/obj/gpt_lld.o
 .debug_line    0x00005649      0x3ec bin/obj/serial_lld.o
 .debug_line    0x00005a35      0x194 bin/obj/board.o
 .debug_line    0x00005bc9      0x30f bin/obj/chprintf.o
 .debug_line    0x00005ed8      0x523 bin/obj/vexshell.o
 .debug_line    0x000063fb      0x58f bin/obj/vexcortex.o
 .debug_line    0x0000698a      0x2ce bin/obj/vexdigital.o
 .debug_line    0x00006c58      0x285 bin/obj/vexconfig.o
 .debug_line    0x00006edd      0x20d bin/obj/vexext.o
 .debug_line    0x000070ea      0x4f0 bin/obj/vexencoder.o
 .debug_line    0x000075da      0x4eb bin/obj/vexsonar.o
 .debug_line    0x00007ac5      0x57a bin/obj/vexmotor.o
 .debug_line    0x0000803f      0x671 bin/obj/vexspi.o
 .debug_line    0x000086b0      0x519 bin/obj/vexlcd.o
 .debug_line    0x00008bc9      0x2c6 bin/obj/vexanalog.o
 .debug_line    0x00008e8f      0x1d6 bin/obj/vexctl.o
 .debug_line    0x00009065      0x8a1 bin/obj/vexime.o
 .debug_line    0x00009906      0x775 bin/obj/vexprintf.o
 .debug_line    0x0000a07b      0x241 bin/obj/vextest.o
 .debug_line    0x0000a2bc      0x2ee bin/obj/robotc_glue.o
 .debug_line    0x0000a5aa      0x24c bin/obj/vexgyro.o
 .debug_line    0x0000a7f6      0x6e7 bin/obj/vexuser.o
 .debug_line    0x0000aedd      0x2fc bin/obj/main.o

.debug_str      0x00000000     0x4c03
 .debug_str     0x00000000      0x1bb bin/obj/crt0.o
                                0x1f5 (size before relaxing)
 .debug_str     0x000001bb      0x147 bin/obj/vectors.o
                                0x21c (size before relaxing)
 .debug_str     0x00000302       0x38 bin/obj/chcore.o
                                 0xef (size before relaxing)
 .debug_str     0x0000033a      0x293 bin/obj/chcore_v7m.o
                                0x37a (size before relaxing)
 .debug_str     0x000005cd       0xc6 bin/obj/nvic.o
                                0x1e6 (size before relaxing)
 .debug_str     0x00000693      0x1ce bin/obj/chsys.o
                                0x43c (size before relaxing)
 .debug_str     0x00000861       0x4a bin/obj/chvt.o
                                0x16f (size before relaxing)
 .debug_str     0x000008ab      0x102 bin/obj/chschd.o
                                0x3b0 (size before relaxing)
 .debug_str     0x000009ad       0xf7 bin/obj/chthreads.o
                                0x3ca (size before relaxing)
 .debug_str     0x00000aa4       0xf7 bin/obj/chdynamic.o
                                0x36b (size before relaxing)
 .debug_str     0x00000b9b       0x4d bin/obj/chregistry.o
                                0x3b2 (size before relaxing)
 .debug_str     0x00000be8       0x9c bin/obj/chmtx.o
                                0x31e (size before relaxing)
 .debug_str     0x00000c84      0x1c4 bin/obj/chevents.o
                                0x43a (size before relaxing)
 .debug_str     0x00000e48      0x131 bin/obj/chqueues.o
                                0x3c0 (size before relaxing)
 .debug_str     0x00000f79       0x86 bin/obj/chmemcore.o
                                0x15a (size before relaxing)
 .debug_str     0x00000fff       0x75 bin/obj/chheap.o
                                0x31a (size before relaxing)
 .debug_str     0x00001074       0x77 bin/obj/chmempools.o
                                0x1a8 (size before relaxing)
 .debug_str     0x000010eb      0x10a bin/obj/hal.o
                                0x1e7 (size before relaxing)
 .debug_str     0x000011f5      0x29d bin/obj/adc.o
                                0x552 (size before relaxing)
 .debug_str     0x00001492       0xfa bin/obj/ext.o
                                0x1f2 (size before relaxing)
 .debug_str     0x0000158c      0x1ad bin/obj/gpt.o
                                0x295 (size before relaxing)
 .debug_str     0x00001739      0x279 bin/obj/i2c.o
                                0x542 (size before relaxing)
 .debug_str     0x000019b2      0x110 bin/obj/serial.o
                                0x48a (size before relaxing)
 .debug_str     0x00001ac2      0x1a6 bin/obj/spi.o
                                0x52c (size before relaxing)
 .debug_str     0x00001c68       0x79 bin/obj/tm.o
                                0x1a3 (size before relaxing)
 .debug_str     0x00001ce1      0x52e bin/obj/stm32_dma.o
                                0x699 (size before relaxing)
 .debug_str     0x0000220f       0xd7 bin/obj/hal_lld.o
                                0x238 (size before relaxing)
 .debug_str     0x000022e6       0xc0 bin/obj/adc_lld.o
                                0x583 (size before relaxing)
 .debug_str     0x000023a6       0xe8 bin/obj/ext_lld_isr.o
                                0x5f3 (size before relaxing)
 .debug_str     0x0000248e       0xad bin/obj/ext_lld.o
                                0x24b (size before relaxing)
 .debug_str     0x0000253b       0x7a bin/obj/pal_lld.o
                                0x21c (size before relaxing)
 .debug_str     0x000025b5      0x19d bin/obj/i2c_lld.o
                                0xae4 (size before relaxing)
 .debug_str     0x00002752      0x127 bin/obj/spi_lld.o